Microchip MPLAB XC8 Compiler V1.33 ()

Linker command line:

-W-3 --edf=C:\Program Files (x86)\Microchip\xc8\v1.33\dat\en_msgs.txt -cs \
  -h+dist/default/production\lab103.X.production.sym \
  --cmf=dist/default/production\lab103.X.production.cmf -z -Q18F4550 \
  -oC:\Users\abcd\AppData\Local\Temp\s7ps.6 \
  -Mdist/default/production/lab103.X.production.map -E1 -ver=XC8 \
  -ASTACK=083h-07ffh -pstack=STACK -ACODE=00h-07FFFh -ACONST=00h-07FFFh \
  -ASMALLCONST=0800h-08FFhx120 -AMEDIUMCONST=0800h-07FFFh -ACOMRAM=01h-05Fh \
  -AABS1=00h-07FFh -ABIGRAM=01h-07FFh -ARAM=060h-0FFh,0100h-01FFhx7 \
  -ABANK0=060h-0FFh -ABANK1=0100h-01FFh -ABANK2=0200h-02FFh \
  -ABANK3=0300h-03FFh -ABANK4=0400h-04FFh -ABANK5=0500h-05FFh \
  -ABANK6=0600h-06FFh -ABANK7=0700h-07FFh -ASFR=0F60h-0FFFh \
  -preset_vec=00h,intcode=08h,intcodelo=018h,powerup,init,end_init \
  -pramtop=0800h -psmallconst=SMALLCONST -pmediumconst=MEDIUMCONST \
  -pconst=CONST -AFARRAM=00h-00h -ACONFIG=0300000h-030000Dh -pconfig=CONFIG \
  -AIDLOC=0200000h-0200007h -pidloc=IDLOC -AEEDATA=0F00000h-0F000FFh \
  -peeprom_data=EEDATA \
  -prdata=COMRAM,nvrram=COMRAM,nvbit=COMRAM,rbss=COMRAM,rbit=COMRAM \
  -pfarbss=FARRAM,fardata=FARRAM,nvFARRAM=FARRAM \
  -pintsave_regs=BIGRAM,bigbss=BIGRAM,bigdata=BIGRAM -pbss=RAM \
  -pidata=CODE,irdata=CODE,ibigdata=CODE,ifardata=CODE \
  C:\Users\abcd\AppData\Local\Temp\s7ps.obj \
  dist/default/production\lab103.X.production.obj 

Object code version is 3.11

Machine type is 18F4550

Call graph: (short form)




                Name                               Link     Load   Length Selector   Space Scale
C:\Users\abcd\AppData\Local\Temp\s7ps.obj
                end_init                             B4       B4        4        C       0
                reset_vec                             0        0        4        0       0
                idloc                            200000   200000        8   200000       0
                config                           300000   300000        E   300000       0
dist/default/production\lab103.X.production.obj
                intcodelo                            18       18       9C        C       0
                intcode                               8        8       10        4       0
                intcode_body                        884      884       6C        C       0
                text12                              5C2      5C2       FC        C       0
                text10                              6BE      6BE       D4        C       0
                text9                               9F8      9F8       36        C       0
                text8                               A2E      A2E       1C        C       0
                text7                               A5E      A5E        E        C       0
                text6                               3AE      3AE      214        C       0
                text5                               9B0      9B0       48        C       0
                text4                               80C      80C       78        C       0
                text3                               950      950       60        C       0
                text2                               792      792       7A        C       0
                text1                               A4A      A4A       14        C       0
                text0                                B8       B8      2F6        C       0
                cstackCOMRAM                          1        1       23        1       1
                cstackBANK0                          60       60       15       60       1
                dataBANK0                            75       75        A       60       1
                bssBANK0                             7F       7F        4       60       1
                dataCOMRAM                           44       44        4        1       1
                bssCOMRAM                            24       24       20        1       1
                cinit                               8F0      8F0       60        C       0
                nvCOMRAM                             48       48        2        1       1
                idataBANK0                          A6C      A6C        A        C       0
                idataCOMRAM                         A76      A76        4        C       0

TOTAL           Name                               Link     Load   Length     Space
        CLASS   STACK          

        CLASS   CODE           
                end_init                             B4       B4        4         0
                intcodelo                            18       18       9C         0
                intcode                               8        8       10         0
                reset_vec                             0        0        4         0
                intcode_body                        884      884       6C         0
                text12                              5C2      5C2       FC         0
                text10                              6BE      6BE       D4         0
                text9                               9F8      9F8       36         0
                text8                               A2E      A2E       1C         0
                text7                               A5E      A5E        E         0
                text6                               3AE      3AE      214         0
                text5                               9B0      9B0       48         0
                text4                               80C      80C       78         0
                text3                               950      950       60         0
                text2                               792      792       7A         0
                text1                               A4A      A4A       14         0
                text0                                B8       B8      2F6         0
                cinit                               8F0      8F0       60         0
                idataBANK0                          A6C      A6C        A         0
                idataCOMRAM                         A76      A76        4         0

        CLASS   CONST          

        CLASS   SMALLCONST     

        CLASS   MEDIUMCONST    

        CLASS   COMRAM         
                cstackCOMRAM                          1        1       23         1
                dataCOMRAM                           44       44        4         1
                bssCOMRAM                            24       24       20         1
                nvCOMRAM                             48       48        2         1

        CLASS   ABS1           

        CLASS   BIGRAM         

        CLASS   RAM            

        CLASS   BANK0          
                cstackBANK0                          60       60       15         1
                dataBANK0                            75       75        A         1
                bssBANK0                             7F       7F        4         1

        CLASS   BANK1          

        CLASS   BANK2          

        CLASS   BANK3          

        CLASS   BANK4          

        CLASS   BANK5          

        CLASS   BANK6          

        CLASS   BANK7          

        CLASS   SFR            

        CLASS   FARRAM         

        CLASS   CONFIG         
                config                           300000   300000        E         0

        CLASS   IDLOC          
                idloc                            200000   200000        8         0

        CLASS   EEDATA         



SEGMENTS        Name                           Load    Length   Top    Selector   Space  Class

                reset_vec                      000000  000004  000004         0       0  CODE    
                cstackCOMRAM                   000001  000049  00004A         1       1  COMRAM  
                intcode                        000008  000010  000018         4       0  CODE    
                intcodelo                      000018  000A62  000A7A         C       0  CODE    
                cstackBANK0                    000060  000023  000083        60       1  BANK0   
                idloc                          200000  000008  200008    200000       0  IDLOC   
                config                         300000  00000E  30000E    300000       0  CONFIG  


UNUSED ADDRESS RANGES

        Name                Unused          Largest block    Delta
        BANK0            000083-0000FF               7D
        BANK1            000100-0001FF              100
        BANK2            000200-0002FF              100
        BANK3            000300-0003FF              100
        BANK4            000400-0004FF              100
        BANK5            000500-0005FF              100
        BANK6            000600-0006FF              100
        BANK7            000700-0007FF              100
        BIGRAM           00004A-00005F               16
                         000083-0007FF              77D
        CODE             000004-000007                4
                         000A7A-007FFF             7586
        COMRAM           00004A-00005F               16
        CONST            000004-000007                4
                         000A7A-007FFF             7586
        EEDATA           F00000-F000FF              100
        MEDIUMCONST      000A7A-007FFF             7586
        RAM              000083-0007FF              100
        SFR              000F60-000FFF               A0
        SMALLCONST       000A7A-007FFF              100
        STACK            000083-0007FF              77D

                                  Symbol Table

?_HZ                     cstackBANK0  00006D
?___lldiv                cstackBANK0  000060
?___lwdiv                cstackBANK0  000060
?___lwmod                cstackBANK0  000060
?___wmul                 cstackBANK0  000063
?_adc_get                cstackBANK0  000060
Delay10KTCYx@unit        cstackBANK0  000061
_ADCON0                  (abs)        000FC2
_ADCON1                  (abs)        000FC1
_ADCON2                  (abs)        000FC0
_ADRES                   (abs)        000FC3
_CCP1CON                 (abs)        000FBD
_CCP2CON                 (abs)        000FBA
_CCPR1L                  (abs)        000FBE
_CCPR2L                  (abs)        000FBB
_DD1                     dataCOMRAM   000044
_DD2                     bssCOMRAM    000042
_DD3                     dataCOMRAM   000045
_DD4                     dataCOMRAM   000046
_Delay10KTCYx            text8        000A2E
_GO                      (abs)        007E11
_HH                      bssCOMRAM    00002C
_HZ                      text6        0003AE
_INT0IF                  (abs)        007F91
_INTCON                  (abs)        000FF2
_IPEN                    (abs)        007E87
_LATB1                   (abs)        007C51
_LATB2                   (abs)        007C52
_LATB3                   (abs)        007C53
_LATB4                   (abs)        007C54
_LATB5                   (abs)        007C55
_LATC1                   (abs)        007C59
_LATC2                   (abs)        007C5A
_LATD                    (abs)        000F8C
_LATD7                   (abs)        007C67
_LL                      bssCOMRAM    00002E
_PR2                     (abs)        000FCB
_RB0                     (abs)        007C08
_RBIP                    (abs)        007F88
_RE0                     (abs)        007C20
_RE1                     (abs)        007C21
_T0CON                   (abs)        000FD5
_T1CON                   (abs)        000FCD
_T2CON                   (abs)        000FCA
_TMR0H                   (abs)        000FD7
_TMR0IF                  (abs)        007F92
_TMR0IP                  (abs)        007F8A
_TMR0L                   (abs)        000FD6
_TMR1H                   (abs)        000FCF
_TMR1L                   (abs)        000FCE
_TRISB                   (abs)        000F93
_TRISB0                  (abs)        007C98
_TRISB4                  (abs)        007C9C
_TRISB5                  (abs)        007C9D
_TRISC                   (abs)        000F94
_TRISC1                  (abs)        007CA1
_TRISC2                  (abs)        007CA2
_TRISD                   (abs)        000F95
_TRISE                   (abs)        000F96
__CFG_CPUDIV$OSC1_PLL2   (abs)        000000
__CFG_FOSC$HS            (abs)        000000
__CFG_LVP$OFF            (abs)        000000
__CFG_PBADEN$OFF         (abs)        000000
__CFG_WDT$OFF            (abs)        000000
__CFG_XINST$OFF          (abs)        000000
__HRAM                   (abs)        000000
__Habs1                  abs1         000000
__Hbank0                 bank0        000000
__Hbank1                 bank1        000000
__Hbank2                 bank2        000000
__Hbank3                 bank3        000000
__Hbank4                 bank4        000000
__Hbank5                 bank5        000000
__Hbank6                 bank6        000000
__Hbank7                 bank7        000000
__Hbigbss                bigbss       000000
__Hbigdata               bigdata      000000
__Hbigram                bigram       000000
__Hbss                   bss          000000
__HbssBANK0              bssBANK0     000000
__HbssCOMRAM             bssCOMRAM    000000
__Hcinit                 cinit        000000
__Hclrtext               clrtext      000000
__Hcomram                comram       000000
__Hconfig                config       30000E
__Hconst                 const        000000
__HcstackBANK0           cstackBANK0  000000
__HcstackCOMRAM          cstackCOMRAM 000000
__Hdata                  data         000000
__HdataBANK0             dataBANK0    000000
__HdataCOMRAM            dataCOMRAM   000000
__Heeprom_data           eeprom_data  000000
__Hend_init              end_init     0000B8
__Hfarbss                farbss       000000
__Hfardata               fardata      000000
__Hibigdata              ibigdata     000000
__Hidata                 idata        000000
__HidataBANK0            idataBANK0   000000
__HidataCOMRAM           idataCOMRAM  000000
__Hidloc                 idloc        200008
__Hifardata              ifardata     000000
__Hinit                  init         0000B4
__Hintcode               intcode      000018
__Hintcode_body          intcode_body 000000
__Hintcodelo             intcodelo    0000B4
__Hintentry              intentry     000000
__Hintret                intret       000000
__Hintsave_regs          intsave_regs 000000
__Hirdata                irdata       000000
__Hmediumconst           mediumconst  000000
__HnvCOMRAM              nvCOMRAM     000000
__HnvFARRAM              nvFARRAM     000000
__Hnvbit                 nvbit        000000
__Hnvrram                nvrram       000000
__Hparam                 rparam       000000
__Hpowerup               powerup      0000B4
__Hram                   ram          000000
__Hramtop                ramtop       000800
__Hrbit                  rbit         000000
__Hrbss                  rbss         000000
__Hrdata                 rdata        000000
__Hreset_vec             reset_vec    000004
__Hrparam                rparam       000000
__Hsfr                   sfr          000000
__Hsmallconst            smallconst   000000
__Hspace_0               (abs)        30000E
__Hspace_1               (abs)        000083
__Hspace_2               (abs)        000000
__Hstack                 stack        000000
__Hstruct                struct       000000
__Htemp                  temp         000000
__Htext                  text         000000
__Htext0                 text0        000000
__Htext1                 text1        000000
__Htext10                text10       000000
__Htext12                text12       000000
__Htext2                 text2        000000
__Htext3                 text3        000000
__Htext4                 text4        000000
__Htext5                 text5        000000
__Htext6                 text6        000000
__Htext7                 text7        000000
__Htext8                 text8        000000
__Htext9                 text9        000000
__LRAM                   (abs)        000001
__Labs1                  abs1         000000
__Lbank0                 bank0        000000
__Lbank1                 bank1        000000
__Lbank2                 bank2        000000
__Lbank3                 bank3        000000
__Lbank4                 bank4        000000
__Lbank5                 bank5        000000
__Lbank6                 bank6        000000
__Lbank7                 bank7        000000
__Lbigbss                bigbss       000000
__Lbigdata               bigdata      000000
__Lbigram                bigram       000000
__Lbss                   bss          000000
__LbssBANK0              bssBANK0     000000
__LbssCOMRAM             bssCOMRAM    000000
__Lcinit                 cinit        000000
__Lclrtext               clrtext      000000
__Lcomram                comram       000000
__Lconfig                config       300000
__Lconst                 const        000000
__LcstackBANK0           cstackBANK0  000000
__LcstackCOMRAM          cstackCOMRAM 000000
__Ldata                  data         000000
__LdataBANK0             dataBANK0    000000
__LdataCOMRAM            dataCOMRAM   000000
__Leeprom_data           eeprom_data  000000
__Lend_init              end_init     0000B4
__Lfarbss                farbss       000000
__Lfardata               fardata      000000
__Libigdata              ibigdata     000000
__Lidata                 idata        000000
__LidataBANK0            idataBANK0   000000
__LidataCOMRAM           idataCOMRAM  000000
__Lidloc                 idloc        200000
__Lifardata              ifardata     000000
__Linit                  init         0000B4
__Lintcode               intcode      000008
__Lintcode_body          intcode_body 000000
__Lintcodelo             intcodelo    000018
__Lintentry              intentry     000000
__Lintret                intret       000000
__Lintsave_regs          intsave_regs 000000
__Lirdata                irdata       000000
__Lmediumconst           mediumconst  000000
__LnvCOMRAM              nvCOMRAM     000000
__LnvFARRAM              nvFARRAM     000000
__Lnvbit                 nvbit        000000
__Lnvrram                nvrram       000000
__Lparam                 rparam       000000
__Lpowerup               powerup      0000B4
__Lram                   ram          000000
__Lramtop                ramtop       000800
__Lrbit                  rbit         000000
__Lrbss                  rbss         000000
__Lrdata                 rdata        000000
__Lreset_vec             reset_vec    000000
__Lrparam                rparam       000000
__Lsfr                   sfr          000000
__Lsmallconst            smallconst   000000
__Lspace_0               (abs)        000000
__Lspace_1               (abs)        000000
__Lspace_2               (abs)        000000
__Lstack                 stack        000000
__Lstruct                struct       000000
__Ltemp                  temp         000000
__Ltext                  text         000000
__Ltext0                 text0        000000
__Ltext1                 text1        000000
__Ltext10                text10       000000
__Ltext12                text12       000000
__Ltext2                 text2        000000
__Ltext3                 text3        000000
__Ltext4                 text4        000000
__Ltext5                 text5        000000
__Ltext6                 text6        000000
__Ltext7                 text7        000000
__Ltext8                 text8        000000
__Ltext9                 text9        000000
__S0                     (abs)        30000E
__S1                     (abs)        000083
__S2                     (abs)        000000
___inthi_sp              stack        000000
___intlo_sp              stack        000000
___lldiv                 text10       0006BE
___lldiv@counter         cstackBANK0  00006C
___lldiv@dividend        cstackBANK0  000060
___lldiv@divisor         cstackBANK0  000064
___lldiv@quotient        cstackBANK0  000068
___lwdiv                 text4        00080C
___lwdiv@counter         cstackBANK0  000064
___lwdiv@dividend        cstackBANK0  000060
___lwdiv@divisor         cstackBANK0  000062
___lwdiv@quotient        cstackBANK0  000065
___lwmod                 text3        000950
___lwmod@counter         cstackBANK0  000064
___lwmod@dividend        cstackBANK0  000060
___lwmod@divisor         cstackBANK0  000062
___sp                    stack        000000
___wmul                  text9        0009F8
___wmul@multiplicand     cstackBANK0  000065
___wmul@multiplier       cstackBANK0  000063
___wmul@product          cstackBANK0  000067
__accesstop              (abs)        000060
__activetblptr           (abs)        000002
__end_of_Delay10KTCYx    text8        000A4A
__end_of_HZ              text6        0005C2
__end_of___lldiv         text10       000792
__end_of___lwdiv         text4        000884
__end_of___lwmod         text3        0009B0
__end_of___wmul          text9        000A2E
__end_of__initialization cinit        000946
__end_of_adc_get         text5        0009F8
__end_of_delayms         text7        000A6C
__end_of_hist            intcode_body 0008F0
__end_of_led_dec         text2        00080C
__end_of_led_scan        text12       0006BE
__end_of_list            intcodelo    0000B4
__end_of_main            text0        0003AE
__end_of_pwm1            text1        000A5E
__initialization         cinit        0008F0
__mediumconst            mediumconst  000000
__pbssBANK0              bssBANK0     00007F
__pbssCOMRAM             bssCOMRAM    000024
__pcinit                 cinit        0008F0
__pcstackBANK0           cstackBANK0  000060
__pcstackCOMRAM          cstackCOMRAM 000001
__pdataBANK0             dataBANK0    000075
__pdataCOMRAM            dataCOMRAM   000044
__pidataBANK0            idataBANK0   000A6C
__pidataCOMRAM           idataCOMRAM  000A76
__pintcode               intcode      000008
__pintcode_body          intcode_body 000884
__pintcodelo             intcodelo    000018
__pnvCOMRAM              nvCOMRAM     000048
__ptext0                 text0        0000B8
__ptext1                 text1        000A4A
__ptext10                text10       0006BE
__ptext12                text12       0005C2
__ptext2                 text2        000792
__ptext3                 text3        000950
__ptext4                 text4        00080C
__ptext5                 text5        0009B0
__ptext6                 text6        0003AE
__ptext7                 text7        000A5E
__ptext8                 text8        000A2E
__ptext9                 text9        0009F8
__ramtop                 ramtop       000800
__size_of_Delay10KTCYx   (abs)        000000
__size_of_HZ             (abs)        000000
__size_of___lldiv        (abs)        000000
__size_of___lwdiv        (abs)        000000
__size_of___lwmod        (abs)        000000
__size_of___wmul         (abs)        000000
__size_of_adc_get        (abs)        000000
__size_of_delayms        (abs)        000000
__size_of_hist           (abs)        000000
__size_of_led_dec        (abs)        000000
__size_of_led_scan       (abs)        000000
__size_of_list           (abs)        000000
__size_of_main           (abs)        000000
__size_of_pwm1           (abs)        000000
__smallconst             smallconst   000000
_a                       bssCOMRAM    000030
_adc_get                 text5        0009B0
_delayms                 text7        000A5E
_dot                     bssCOMRAM    000043
_ff                      bssCOMRAM    000024
_hist                    intcode      000008
_i                       bssCOMRAM    000028
_j                       bssBANK0     00007F
_led                     dataBANK0    000075
_led_dec                 text2        000792
_led_scan                text12       0005C2
_light                   dataCOMRAM   000047
_list                    intcodelo    000018
_main                    text0        0000B8
_main$679                cstackBANK0  000071
_main$680                cstackBANK0  000073
_pwm1                    text1        000A4A
_r1                      nvCOMRAM     000048
_r16                     bssCOMRAM    000032
_r2                      bssCOMRAM    000034
_r3                      bssCOMRAM    000036
_t2                      bssCOMRAM    000038
_t41                     bssCOMRAM    00003A
_t42                     bssCOMRAM    00003C
_t43                     bssCOMRAM    00003E
_tick                    bssCOMRAM    000040
adc_get@n                cstackBANK0  000062
delayms@n                cstackBANK0  000062
end_of_initialization    cinit        000946
int_func                 intcode_body 000884
intlevel0                text         000000
intlevel1                text         000000
intlevel2                text         000000
intlevel3                text         000000
led_dec@vh               cstackBANK0  000067
led_dec@vl               cstackBANK0  000069
led_scan@dd              cstackCOMRAM 000004
pwm1@n                   cstackBANK0  000067
stackhi                  (abs)        0007FF
stacklo                  (abs)        000083
start                    init         0000B4
start_initialization     cinit        0008F0


FUNCTION INFORMATION:

 *************** function _main *****************
 Defined at:
		line 84 in file "lab103.c"
 Parameters:    Size  Location     Type
		None
 Auto vars:     Size  Location     Type
		None
 Return value:  Size  Location     Type
		None               void
 Registers used:
		wreg, status,2, status,0, prodl, prodh, cstack
 Tracked objects:
		On entry : 
		On exit  : 
		Unchanged: 
 Data sizes:     COMRAM   BANK0   BANK1   BANK2   BANK3   BANK4   BANK5   BANK6   BANK7
      Params:         0       0       0       0       0       0       0       0       0
      Locals:         0       4       0       0       0       0       0       0       0
      Temps:          0       0       0       0       0       0       0       0       0
      Totals:         0       4       0       0       0       0       0       0       0
Total ram usage:        4 bytes
 Hardware stack levels required when called:    6
 This function calls:
		_HZ
		___lwdiv
		___lwmod
		___wmul
		_adc_get
		_delayms
		_led_dec
		_pwm1
 This function is called by:
		Startup code after reset
 This function uses a non-reentrant model


 *************** function _pwm1 *****************
 Defined at:
		line 18 in file "pwm.c"
 Parameters:    Size  Location     Type
  n               2    7[BANK0 ] unsigned int 
 Auto vars:     Size  Location     Type
		None
 Return value:  Size  Location     Type
		None               void
 Registers used:
		wreg, status,2
 Tracked objects:
		On entry : 
		On exit  : 
		Unchanged: 
 Data sizes:     COMRAM   BANK0   BANK1   BANK2   BANK3   BANK4   BANK5   BANK6   BANK7
      Params:         0       2       0       0       0       0       0       0       0
      Locals:         0       0       0       0       0       0       0       0       0
      Temps:          0       0       0       0       0       0       0       0       0
      Totals:         0       2       0       0       0       0       0       0       0
Total ram usage:        2 bytes
 Hardware stack levels used:    1
 Hardware stack levels required when called:    3
 This function calls:
		Nothing
 This function is called by:
		_main
 This function uses a non-reentrant model


 *************** function _led_dec *****************
 Defined at:
		line 104 in file "led7.c"
 Parameters:    Size  Location     Type
  vh              2    7[BANK0 ] unsigned int 
  vl              2    9[BANK0 ] unsigned int 
 Auto vars:     Size  Location     Type
		None
 Return value:  Size  Location     Type
		None               void
 Registers used:
		wreg, status,2, status,0, cstack
 Tracked objects:
		On entry : 
		On exit  : 
		Unchanged: 
 Data sizes:     COMRAM   BANK0   BANK1   BANK2   BANK3   BANK4   BANK5   BANK6   BANK7
      Params:         0       4       0       0       0       0       0       0       0
      Locals:         0       0       0       0       0       0       0       0       0
      Temps:          0       0       0       0       0       0       0       0       0
      Totals:         0       4       0       0       0       0       0       0       0
Total ram usage:        4 bytes
 Hardware stack levels used:    1
 Hardware stack levels required when called:    4
 This function calls:
		___lwdiv
		___lwmod
 This function is called by:
		_main
 This function uses a non-reentrant model


 *************** function ___lwmod *****************
 Defined at:
		line 8 in file "C:\Program Files (x86)\Microchip\xc8\v1.33\sources\common\lwmod.c"
 Parameters:    Size  Location     Type
  dividend        2    0[BANK0 ] unsigned int 
  divisor         2    2[BANK0 ] unsigned int 
 Auto vars:     Size  Location     Type
  counter         1    4[BANK0 ] unsigned char 
 Return value:  Size  Location     Type
                  2    0[BANK0 ] unsigned int 
 Registers used:
		wreg, status,2, status,0
 Tracked objects:
		On entry : 
		On exit  : 
		Unchanged: 
 Data sizes:     COMRAM   BANK0   BANK1   BANK2   BANK3   BANK4   BANK5   BANK6   BANK7
      Params:         0       4       0       0       0       0       0       0       0
      Locals:         0       1       0       0       0       0       0       0       0
      Temps:          0       0       0       0       0       0       0       0       0
      Totals:         0       5       0       0       0       0       0       0       0
Total ram usage:        5 bytes
 Hardware stack levels used:    1
 Hardware stack levels required when called:    3
 This function calls:
		Nothing
 This function is called by:
		_main
		_led_dec
 This function uses a non-reentrant model


 *************** function ___lwdiv *****************
 Defined at:
		line 8 in file "C:\Program Files (x86)\Microchip\xc8\v1.33\sources\common\lwdiv.c"
 Parameters:    Size  Location     Type
  dividend        2    0[BANK0 ] unsigned int 
  divisor         2    2[BANK0 ] unsigned int 
 Auto vars:     Size  Location     Type
  quotient        2    5[BANK0 ] unsigned int 
  counter         1    4[BANK0 ] unsigned char 
 Return value:  Size  Location     Type
                  2    0[BANK0 ] unsigned int 
 Registers used:
		wreg, status,2, status,0
 Tracked objects:
		On entry : 
		On exit  : 
		Unchanged: 
 Data sizes:     COMRAM   BANK0   BANK1   BANK2   BANK3   BANK4   BANK5   BANK6   BANK7
      Params:         0       4       0       0       0       0       0       0       0
      Locals:         0       3       0       0       0       0       0       0       0
      Temps:          0       0       0       0       0       0       0       0       0
      Totals:         0       7       0       0       0       0       0       0       0
Total ram usage:        7 bytes
 Hardware stack levels used:    1
 Hardware stack levels required when called:    3
 This function calls:
		Nothing
 This function is called by:
		_main
		_led_dec
		_pwm0
 This function uses a non-reentrant model


 *************** function _adc_get *****************
 Defined at:
		line 5 in file "adc.c"
 Parameters:    Size  Location     Type
  n               1    wreg     unsigned char 
 Auto vars:     Size  Location     Type
  n               1    2[BANK0 ] unsigned char 
 Return value:  Size  Location     Type
                  2    0[BANK0 ] unsigned int 
 Registers used:
		wreg, status,2, status,0
 Tracked objects:
		On entry : 
		On exit  : 
		Unchanged: 
 Data sizes:     COMRAM   BANK0   BANK1   BANK2   BANK3   BANK4   BANK5   BANK6   BANK7
      Params:         0       2       0       0       0       0       0       0       0
      Locals:         0       1       0       0       0       0       0       0       0
      Temps:          0       0       0       0       0       0       0       0       0
      Totals:         0       3       0       0       0       0       0       0       0
Total ram usage:        3 bytes
 Hardware stack levels used:    1
 Hardware stack levels required when called:    3
 This function calls:
		Nothing
 This function is called by:
		_main
 This function uses a non-reentrant model


 *************** function _HZ *****************
 Defined at:
		line 51 in file "lab103.c"
 Parameters:    Size  Location     Type
		None
 Auto vars:     Size  Location     Type
		None
 Return value:  Size  Location     Type
                  2   13[BANK0 ] unsigned int 
 Registers used:
		wreg, status,2, status,0, prodl, prodh, cstack
 Tracked objects:
		On entry : 
		On exit  : 
		Unchanged: 
 Data sizes:     COMRAM   BANK0   BANK1   BANK2   BANK3   BANK4   BANK5   BANK6   BANK7
      Params:         0       2       0       0       0       0       0       0       0
      Locals:         0       0       0       0       0       0       0       0       0
      Temps:          0       2       0       0       0       0       0       0       0
      Totals:         0       4       0       0       0       0       0       0       0
Total ram usage:        4 bytes
 Hardware stack levels used:    1
 Hardware stack levels required when called:    5
 This function calls:
		___lldiv
		___wmul
		_delayms
 This function is called by:
		_main
 This function uses a non-reentrant model


 *************** function _delayms *****************
 Defined at:
		line 43 in file "lab103.c"
 Parameters:    Size  Location     Type
  n               2    2[BANK0 ] unsigned int 
 Auto vars:     Size  Location     Type
		None
 Return value:  Size  Location     Type
		None               void
 Registers used:
		wreg, status,2, status,0, prodl, prodh, cstack
 Tracked objects:
		On entry : 
		On exit  : 
		Unchanged: 
 Data sizes:     COMRAM   BANK0   BANK1   BANK2   BANK3   BANK4   BANK5   BANK6   BANK7
      Params:         0       2       0       0       0       0       0       0       0
      Locals:         0       0       0       0       0       0       0       0       0
      Temps:          0       0       0       0       0       0       0       0       0
      Totals:         0       2       0       0       0       0       0       0       0
Total ram usage:        2 bytes
 Hardware stack levels used:    1
 Hardware stack levels required when called:    4
 This function calls:
		_Delay10KTCYx
 This function is called by:
		_HZ
		_main
 This function uses a non-reentrant model


 *************** function _Delay10KTCYx *****************
 Defined at:
		line 8 in file "C:\Program Files (x86)\Microchip\xc8\v1.33\sources\pic18\d10ktcyx.c"
 Parameters:    Size  Location     Type
  unit            1    wreg     unsigned char 
 Auto vars:     Size  Location     Type
  unit            1    1[BANK0 ] unsigned char 
 Return value:  Size  Location     Type
		None               void
 Registers used:
		wreg
 Tracked objects:
		On entry : 
		On exit  : 
		Unchanged: 
 Data sizes:     COMRAM   BANK0   BANK1   BANK2   BANK3   BANK4   BANK5   BANK6   BANK7
      Params:         0       0       0       0       0       0       0       0       0
      Locals:         0       1       0       0       0       0       0       0       0
      Temps:          0       1       0       0       0       0       0       0       0
      Totals:         0       2       0       0       0       0       0       0       0
Total ram usage:        2 bytes
 Hardware stack levels used:    1
 Hardware stack levels required when called:    3
 This function calls:
		Nothing
 This function is called by:
		_delayms
 This function uses a non-reentrant model


 *************** function ___wmul *****************
 Defined at:
		line 15 in file "C:\Program Files (x86)\Microchip\xc8\v1.33\sources\common\Umul16.c"
 Parameters:    Size  Location     Type
  multiplier      2    3[BANK0 ] unsigned int 
  multiplicand    2    5[BANK0 ] unsigned int 
 Auto vars:     Size  Location     Type
  product         2    7[BANK0 ] unsigned int 
 Return value:  Size  Location     Type
                  2    3[BANK0 ] unsigned int 
 Registers used:
		wreg, status,2, status,0, prodl, prodh
 Tracked objects:
		On entry : 
		On exit  : 
		Unchanged: 
 Data sizes:     COMRAM   BANK0   BANK1   BANK2   BANK3   BANK4   BANK5   BANK6   BANK7
      Params:         0       4       0       0       0       0       0       0       0
      Locals:         0       2       0       0       0       0       0       0       0
      Temps:          0       0       0       0       0       0       0       0       0
      Totals:         0       6       0       0       0       0       0       0       0
Total ram usage:        6 bytes
 Hardware stack levels used:    1
 Hardware stack levels required when called:    3
 This function calls:
		Nothing
 This function is called by:
		_HZ
		_main
		_pwm0
 This function uses a non-reentrant model


 *************** function ___lldiv *****************
 Defined at:
		line 8 in file "C:\Program Files (x86)\Microchip\xc8\v1.33\sources\common\lldiv.c"
 Parameters:    Size  Location     Type
  dividend        4    0[BANK0 ] unsigned long 
  divisor         4    4[BANK0 ] unsigned long 
 Auto vars:     Size  Location     Type
  quotient        4    8[BANK0 ] unsigned long 
  counter         1   12[BANK0 ] unsigned char 
 Return value:  Size  Location     Type
                  4    0[BANK0 ] unsigned long 
 Registers used:
		wreg, status,2, status,0
 Tracked objects:
		On entry : 
		On exit  : 
		Unchanged: 
 Data sizes:     COMRAM   BANK0   BANK1   BANK2   BANK3   BANK4   BANK5   BANK6   BANK7
      Params:         0       8       0       0       0       0       0       0       0
      Locals:         0       5       0       0       0       0       0       0       0
      Temps:          0       0       0       0       0       0       0       0       0
      Totals:         0      13       0       0       0       0       0       0       0
Total ram usage:       13 bytes
 Hardware stack levels used:    1
 Hardware stack levels required when called:    3
 This function calls:
		Nothing
 This function is called by:
		_HZ
 This function uses a non-reentrant model


 *************** function _list *****************
 Defined at:
		line 32 in file "lab103.c"
 Parameters:    Size  Location     Type
		None
 Auto vars:     Size  Location     Type
		None
 Return value:  Size  Location     Type
		None               void
 Registers used:
		wreg, fsr2l, fsr2h, status,2, status,0, prodl, prodh, cstack
 Tracked objects:
		On entry : 
		On exit  : 
		Unchanged: 
 Data sizes:     COMRAM   BANK0   BANK1   BANK2   BANK3   BANK4   BANK5   BANK6   BANK7
      Params:         0       0       0       0       0       0       0       0       0
      Locals:         0       0       0       0       0       0       0       0       0
      Temps:         17       0       0       0       0       0       0       0       0
      Totals:        17       0       0       0       0       0       0       0       0
Total ram usage:       17 bytes
 Hardware stack levels used:    1
 Hardware stack levels required when called:    2
 This function calls:
		_led_scan
 This function is called by:
		Interrupt level 1
 This function uses a non-reentrant model


 *************** function _led_scan *****************
 Defined at:
		line 19 in file "led7.c"
 Parameters:    Size  Location     Type
		None
 Auto vars:     Size  Location     Type
  dd              1    3[COMRAM] unsigned char 
 Return value:  Size  Location     Type
		None               void
 Registers used:
		wreg, fsr2l, fsr2h, status,2, status,0, prodl, prodh
 Tracked objects:
		On entry : 
		On exit  : 
		Unchanged: 
 Data sizes:     COMRAM   BANK0   BANK1   BANK2   BANK3   BANK4   BANK5   BANK6   BANK7
      Params:         0       0       0       0       0       0       0       0       0
      Locals:         1       0       0       0       0       0       0       0       0
      Temps:          3       0       0       0       0       0       0       0       0
      Totals:         4       0       0       0       0       0       0       0       0
Total ram usage:        4 bytes
 Hardware stack levels used:    1
 Hardware stack levels required when called:    1
 This function calls:
		Nothing
 This function is called by:
		_list
 This function uses a non-reentrant model


 *************** function _hist *****************
 Defined at:
		line 26 in file "lab103.c"
 Parameters:    Size  Location     Type
		None
 Auto vars:     Size  Location     Type
		None
 Return value:  Size  Location     Type
		None               void
 Registers used:
		None
 Tracked objects:
		On entry : 
		On exit  : 
		Unchanged: 
 Data sizes:     COMRAM   BANK0   BANK1   BANK2   BANK3   BANK4   BANK5   BANK6   BANK7
      Params:         0       0       0       0       0       0       0       0       0
      Locals:         0       0       0       0       0       0       0       0       0
      Temps:         14       0       0       0       0       0       0       0       0
      Totals:        14       0       0       0       0       0       0       0       0
Total ram usage:       14 bytes
 Hardware stack levels used:    1
 This function calls:
		Nothing
 This function is called by:
		Interrupt level 2
 This function uses a non-reentrant model



MODULE INFORMATION

Module		Function		Class		Link	Load	Size
C:\Program Files (x86)\Microchip\xc8\v1.33\sources\common\lwmod.c
		___lwmod       		CODE           	0950	0000	96

C:\Program Files (x86)\Microchip\xc8\v1.33\sources\common\lwmod.c estimated size: 96

C:\Program Files (x86)\Microchip\xc8\v1.33\sources\common\Umul16.c
		___wmul        		CODE           	09F8	0000	54

C:\Program Files (x86)\Microchip\xc8\v1.33\sources\common\Umul16.c estimated size: 54

led7.c
		_led_scan      		CODE           	05C2	0000	252
		_led_dec       		CODE           	0792	0000	122

led7.c estimated size: 374

pwm.c
		_pwm1          		CODE           	0A4A	0000	20

pwm.c estimated size: 20

adc.c
		_adc_get       		CODE           	09B0	0000	72

adc.c estimated size: 72

lab103.c
		_main          		CODE           	00B8	0000	758
		_hist          		CODE           	0008	0000	2280
		_list          		CODE           	0018	0000	156
		_delayms       		CODE           	0A5E	0000	14
		_HZ            		CODE           	03AE	0000	532

lab103.c estimated size: 3740

C:\Program Files (x86)\Microchip\xc8\v1.33\sources\pic18\d10ktcyx.c
		_Delay10KTCYx  		CODE           	0A2E	0000	28

C:\Program Files (x86)\Microchip\xc8\v1.33\sources\pic18\d10ktcyx.c estimated size: 28

C:\Program Files (x86)\Microchip\xc8\v1.33\sources\common\lwdiv.c
		___lwdiv       		CODE           	080C	0000	120

C:\Program Files (x86)\Microchip\xc8\v1.33\sources\common\lwdiv.c estimated size: 120

C:\Program Files (x86)\Microchip\xc8\v1.33\sources\common\lldiv.c
		___lldiv       		CODE           	06BE	0000	212

C:\Program Files (x86)\Microchip\xc8\v1.33\sources\common\lldiv.c estimated size: 212

shared
		__initializatio		CODE           	08F0	0000	86

shared estimated size: 86

