Microchip MPLAB XC8 Compiler V1.33 ()

Linker command line:

-W-3 --edf=C:\Program Files (x86)\Microchip\xc8\v1.33\dat\en_msgs.txt -cs \
  -h+dist/default/production\lab105.X.production.sym \
  --cmf=dist/default/production\lab105.X.production.cmf -z -Q18F4550 \
  -oC:\Users\abcd\AppData\Local\Temp\scl8.6 \
  -Mdist/default/production/lab105.X.production.map -E1 -ver=XC8 \
  -ASTACK=087h-07ffh -pstack=STACK -ACODE=00h-07FFFh -ACONST=00h-07FFFh \
  -ASMALLCONST=0800h-08FFhx120 -AMEDIUMCONST=0800h-07FFFh -ACOMRAM=01h-05Fh \
  -AABS1=00h-07FFh -ABIGRAM=01h-07FFh -ARAM=060h-0FFh,0100h-01FFhx7 \
  -ABANK0=060h-0FFh -ABANK1=0100h-01FFh -ABANK2=0200h-02FFh \
  -ABANK3=0300h-03FFh -ABANK4=0400h-04FFh -ABANK5=0500h-05FFh \
  -ABANK6=0600h-06FFh -ABANK7=0700h-07FFh -ASFR=0F60h-0FFFh \
  -preset_vec=00h,intcode=08h,intcodelo,powerup,init,end_init \
  -pramtop=0800h -psmallconst=SMALLCONST -pmediumconst=MEDIUMCONST \
  -pconst=CONST -AFARRAM=00h-00h -ACONFIG=0300000h-030000Dh -pconfig=CONFIG \
  -AIDLOC=0200000h-0200007h -pidloc=IDLOC -AEEDATA=0F00000h-0F000FFh \
  -peeprom_data=EEDATA \
  -prdata=COMRAM,nvrram=COMRAM,nvbit=COMRAM,rbss=COMRAM,rbit=COMRAM \
  -pfarbss=FARRAM,fardata=FARRAM,nvFARRAM=FARRAM \
  -pintsave_regs=BIGRAM,bigbss=BIGRAM,bigdata=BIGRAM -pbss=RAM \
  -pidata=CODE,irdata=CODE,ibigdata=CODE,ifardata=CODE \
  C:\Users\abcd\AppData\Local\Temp\scl8.obj \
  dist/default/production\lab105.X.production.obj 

Object code version is 3.11

Machine type is 18F4550

Call graph: (short form)




                Name                               Link     Load   Length Selector   Space Scale
C:\Users\abcd\AppData\Local\Temp\scl8.obj
                end_init                             18       18        4        4       0
                reset_vec                             0        0        4        0       0
                idloc                            200000   200000        8   200000       0
                config                           300000   300000        E   300000       0
dist/default/production\lab105.X.production.obj
                intcode                               8        8       10        4       0
                text28                              A58      A58      10E        4       0
                intcode_body                        E12      E12       7E        4       0
                text26                             1216     1216       16        4       0
                text25                              C4A      C4A       A8        4       0
                text24                              B66      B66       E4        4       0
                text23                              92C      92C      12C        4       0
                text22                             11DC     11DC       24        4       0
                text21                             11B6     11B6       26        4       0
                text20                              E90      E90       68        4       0
                text19                             122C     122C       14        4       0
                text18                             1254     1254        A        4       0
                text17                             100E     100E       4E        4       0
                text16                              D90      D90       82        4       0
                text15                              FBC      FBC       52        4       0
                text14                              538      538      1FC        4       0
                text13                             105C     105C       42        4       0
                text12                              F5A      F5A       62        4       0
                text11                             10DA     10DA       32        4       0
                text10                             1164     1164       2C        4       0
                text9                              1138     1138       2C        4       0
                text8                               CF2      CF2       9E        4       0
                text7                              110C     110C       2C        4       0
                text6                              1190     1190       26        4       0
                text5                               734      734      1F8        4       0
                text4                              125E     125E        8        4       0
                text3                              109E     109E       3C        4       0
                text2                              124A     124A        A        4       0
                text1                              1200     1200       16        4       0
                text0                                1C       1C      51C        4       0
                cstackCOMRAM                          1        1       30        1       1
                cstackBANK0                          60       60       15       60       1
                dataBANK0                            75       75        A       60       1
                bssBANK0                             7F       7F        8       60       1
                dataCOMRAM                           45       45        4        1       1
                bssCOMRAM                            31       31       14        1       1
                cinit                               EF8      EF8       62        4       0
                nvCOMRAM                             49       49        2        1       1
                idataBANK0                         1240     1240        A        4       0
                idataCOMRAM                        1266     1266        4        4       0

TOTAL           Name                               Link     Load   Length     Space
        CLASS   STACK          

        CLASS   CODE           
                end_init                             18       18        4         0
                intcode                               8        8       10         0
                reset_vec                             0        0        4         0
                text28                              A58      A58      10E         0
                intcode_body                        E12      E12       7E         0
                text26                             1216     1216       16         0
                text25                              C4A      C4A       A8         0
                text24                              B66      B66       E4         0
                text23                              92C      92C      12C         0
                text22                             11DC     11DC       24         0
                text21                             11B6     11B6       26         0
                text20                              E90      E90       68         0
                text19                             122C     122C       14         0
                text18                             1254     1254        A         0
                text17                             100E     100E       4E         0
                text16                              D90      D90       82         0
                text15                              FBC      FBC       52         0
                text14                              538      538      1FC         0
                text13                             105C     105C       42         0
                text12                              F5A      F5A       62         0
                text11                             10DA     10DA       32         0
                text10                             1164     1164       2C         0
                text9                              1138     1138       2C         0
                text8                               CF2      CF2       9E         0
                text7                              110C     110C       2C         0
                text6                              1190     1190       26         0
                text5                               734      734      1F8         0
                text4                              125E     125E        8         0
                text3                              109E     109E       3C         0
                text2                              124A     124A        A         0
                text1                              1200     1200       16         0
                text0                                1C       1C      51C         0
                cinit                               EF8      EF8       62         0
                idataBANK0                         1240     1240        A         0
                idataCOMRAM                        1266     1266        4         0

        CLASS   CONST          

        CLASS   SMALLCONST     

        CLASS   MEDIUMCONST    

        CLASS   COMRAM         
                cstackCOMRAM                          1        1       30         1
                dataCOMRAM                           45       45        4         1
                bssCOMRAM                            31       31       14         1
                nvCOMRAM                             49       49        2         1

        CLASS   ABS1           

        CLASS   BIGRAM         

        CLASS   RAM            

        CLASS   BANK0          
                cstackBANK0                          60       60       15         1
                dataBANK0                            75       75        A         1
                bssBANK0                             7F       7F        8         1

        CLASS   BANK1          

        CLASS   BANK2          

        CLASS   BANK3          

        CLASS   BANK4          

        CLASS   BANK5          

        CLASS   BANK6          

        CLASS   BANK7          

        CLASS   SFR            

        CLASS   FARRAM         

        CLASS   CONFIG         
                config                           300000   300000        E         0

        CLASS   IDLOC          
                idloc                            200000   200000        8         0

        CLASS   EEDATA         



SEGMENTS        Name                           Load    Length   Top    Selector   Space  Class

                reset_vec                      000000  000004  000004         0       0  CODE    
                cstackCOMRAM                   000001  00004A  00004B         1       1  COMRAM  
                intcode                        000008  001262  00126A         4       0  CODE    
                cstackBANK0                    000060  000027  000087        60       1  BANK0   
                idloc                          200000  000008  200008    200000       0  IDLOC   
                config                         300000  00000E  30000E    300000       0  CONFIG  


UNUSED ADDRESS RANGES

        Name                Unused          Largest block    Delta
        BANK0            000087-0000FF               79
        BANK1            000100-0001FF              100
        BANK2            000200-0002FF              100
        BANK3            000300-0003FF              100
        BANK4            000400-0004FF              100
        BANK5            000500-0005FF              100
        BANK6            000600-0006FF              100
        BANK7            000700-0007FF              100
        BIGRAM           00004B-00005F               15
                         000087-0007FF              779
        CODE             000004-000007                4
                         00126A-007FFF             6D96
        COMRAM           00004B-00005F               15
        CONST            000004-000007                4
                         00126A-007FFF             6D96
        EEDATA           F00000-F000FF              100
        MEDIUMCONST      00126A-007FFF             6D96
        RAM              000087-0007FF              100
        SFR              000F60-000FFF               A0
        SMALLCONST       00126A-007FFF              100
        STACK            000087-0007FF              779

                                  Symbol Table

?___ftmul                cstackCOMRAM 00001E
?___ftpack               cstackCOMRAM 000013
?___fttol                cstackCOMRAM 00002D
?___lldiv                cstackCOMRAM 000013
?___lwdiv                cstackCOMRAM 00001C
?___lwmod                cstackCOMRAM 000013
?___lwtoft               cstackCOMRAM 00001B
?___wmul                 cstackCOMRAM 000016
?_adc_get                cstackCOMRAM 000013
?_fn100                  cstackCOMRAM 00001C
?_fn101                  cstackCOMRAM 000023
?_fn111                  cstackCOMRAM 000020
Delay10KTCYx@unit        cstackCOMRAM 000014
_ADCON0                  (abs)        000FC2
_ADCON1                  (abs)        000FC1
_ADCON2                  (abs)        000FC0
_ADRES                   (abs)        000FC3
_CCP1CON                 (abs)        000FBD
_CCP2CON                 (abs)        000FBA
_CCPR1L                  (abs)        000FBE
_CCPR2L                  (abs)        000FBB
_DD1                     dataCOMRAM   000045
_DD2                     bssCOMRAM    000043
_DD3                     dataCOMRAM   000046
_DD4                     dataCOMRAM   000047
_Delay10KTCYx            text26       001216
_GIEH                    (abs)        007F97
_GIEL                    (abs)        007F96
_GO                      (abs)        007E11
_HH                      bssCOMRAM    000035
_IPEN                    (abs)        007E87
_LATB0                   (abs)        007C50
_LATB1                   (abs)        007C51
_LATB2                   (abs)        007C52
_LATB3                   (abs)        007C53
_LATB4                   (abs)        007C54
_LATB5                   (abs)        007C55
_LATC1                   (abs)        007C59
_LATC2                   (abs)        007C5A
_LATD                    (abs)        000F8C
_LATD0                   (abs)        007C60
_LL                      bssCOMRAM    000037
_PORTE                   (abs)        000F84
_PR2                     (abs)        000FCB
_RA0                     (abs)        007C00
_T0CON                   (abs)        000FD5
_T1CON                   (abs)        000FCD
_T2CON                   (abs)        000FCA
_TMR0H                   (abs)        000FD7
_TMR0IE                  (abs)        007F95
_TMR0IF                  (abs)        007F92
_TMR0IP                  (abs)        007F8A
_TMR0L                   (abs)        000FD6
_TMR1H                   (abs)        000FCF
_TMR1L                   (abs)        000FCE
_TRISA0                  (abs)        007C90
_TRISB                   (abs)        000F93
_TRISB4                  (abs)        007C9C
_TRISB5                  (abs)        007C9D
_TRISC1                  (abs)        007CA1
_TRISC2                  (abs)        007CA2
_TRISD                   (abs)        000F95
_TRISE                   (abs)        000F96
__CFG_CPUDIV$OSC1_PLL2   (abs)        000000
__CFG_FOSC$HS            (abs)        000000
__CFG_LVP$OFF            (abs)        000000
__CFG_PBADEN$OFF         (abs)        000000
__CFG_WDT$OFF            (abs)        000000
__CFG_XINST$OFF          (abs)        000000
__HRAM                   (abs)        000000
__Habs1                  abs1         000000
__Hbank0                 bank0        000000
__Hbank1                 bank1        000000
__Hbank2                 bank2        000000
__Hbank3                 bank3        000000
__Hbank4                 bank4        000000
__Hbank5                 bank5        000000
__Hbank6                 bank6        000000
__Hbank7                 bank7        000000
__Hbigbss                bigbss       000000
__Hbigdata               bigdata      000000
__Hbigram                bigram       000000
__Hbss                   bss          000000
__HbssBANK0              bssBANK0     000000
__HbssCOMRAM             bssCOMRAM    000000
__Hcinit                 cinit        000000
__Hclrtext               clrtext      000000
__Hcomram                comram       000000
__Hconfig                config       30000E
__Hconst                 const        000000
__HcstackBANK0           cstackBANK0  000000
__HcstackCOMRAM          cstackCOMRAM 000000
__Hdata                  data         000000
__HdataBANK0             dataBANK0    000000
__HdataCOMRAM            dataCOMRAM   000000
__Heeprom_data           eeprom_data  000000
__Hend_init              end_init     00001C
__Hfarbss                farbss       000000
__Hfardata               fardata      000000
__Hibigdata              ibigdata     000000
__Hidata                 idata        000000
__HidataBANK0            idataBANK0   000000
__HidataCOMRAM           idataCOMRAM  000000
__Hidloc                 idloc        200008
__Hifardata              ifardata     000000
__Hinit                  init         000018
__Hintcode               intcode      000018
__Hintcode_body          intcode_body 000000
__Hintcodelo             intcodelo    000018
__Hintentry              intentry     000000
__Hintret                intret       000000
__Hintsave_regs          intsave_regs 000000
__Hirdata                irdata       000000
__Hmediumconst           mediumconst  000000
__HnvCOMRAM              nvCOMRAM     000000
__HnvFARRAM              nvFARRAM     000000
__Hnvbit                 nvbit        000000
__Hnvrram                nvrram       000000
__Hparam                 rparam       000000
__Hpowerup               powerup      000018
__Hram                   ram          000000
__Hramtop                ramtop       000800
__Hrbit                  rbit         000000
__Hrbss                  rbss         000000
__Hrdata                 rdata        000000
__Hreset_vec             reset_vec    000004
__Hrparam                rparam       000000
__Hsfr                   sfr          000000
__Hsmallconst            smallconst   000000
__Hspace_0               (abs)        30000E
__Hspace_1               (abs)        000087
__Hspace_2               (abs)        000000
__Hstack                 stack        000000
__Hstruct                struct       000000
__Htemp                  temp         000000
__Htext                  text         000000
__Htext0                 text0        000000
__Htext1                 text1        000000
__Htext10                text10       000000
__Htext11                text11       000000
__Htext12                text12       000000
__Htext13                text13       000000
__Htext14                text14       000000
__Htext15                text15       000000
__Htext16                text16       000000
__Htext17                text17       000000
__Htext18                text18       000000
__Htext19                text19       000000
__Htext2                 text2        000000
__Htext20                text20       000000
__Htext21                text21       000000
__Htext22                text22       000000
__Htext23                text23       000000
__Htext24                text24       000000
__Htext25                text25       000000
__Htext26                text26       000000
__Htext28                text28       000000
__Htext3                 text3        000000
__Htext4                 text4        000000
__Htext5                 text5        000000
__Htext6                 text6        000000
__Htext7                 text7        000000
__Htext8                 text8        000000
__Htext9                 text9        000000
__LRAM                   (abs)        000001
__Labs1                  abs1         000000
__Lbank0                 bank0        000000
__Lbank1                 bank1        000000
__Lbank2                 bank2        000000
__Lbank3                 bank3        000000
__Lbank4                 bank4        000000
__Lbank5                 bank5        000000
__Lbank6                 bank6        000000
__Lbank7                 bank7        000000
__Lbigbss                bigbss       000000
__Lbigdata               bigdata      000000
__Lbigram                bigram       000000
__Lbss                   bss          000000
__LbssBANK0              bssBANK0     000000
__LbssCOMRAM             bssCOMRAM    000000
__Lcinit                 cinit        000000
__Lclrtext               clrtext      000000
__Lcomram                comram       000000
__Lconfig                config       300000
__Lconst                 const        000000
__LcstackBANK0           cstackBANK0  000000
__LcstackCOMRAM          cstackCOMRAM 000000
__Ldata                  data         000000
__LdataBANK0             dataBANK0    000000
__LdataCOMRAM            dataCOMRAM   000000
__Leeprom_data           eeprom_data  000000
__Lend_init              end_init     000018
__Lfarbss                farbss       000000
__Lfardata               fardata      000000
__Libigdata              ibigdata     000000
__Lidata                 idata        000000
__LidataBANK0            idataBANK0   000000
__LidataCOMRAM           idataCOMRAM  000000
__Lidloc                 idloc        200000
__Lifardata              ifardata     000000
__Linit                  init         000018
__Lintcode               intcode      000008
__Lintcode_body          intcode_body 000000
__Lintcodelo             intcodelo    000018
__Lintentry              intentry     000000
__Lintret                intret       000000
__Lintsave_regs          intsave_regs 000000
__Lirdata                irdata       000000
__Lmediumconst           mediumconst  000000
__LnvCOMRAM              nvCOMRAM     000000
__LnvFARRAM              nvFARRAM     000000
__Lnvbit                 nvbit        000000
__Lnvrram                nvrram       000000
__Lparam                 rparam       000000
__Lpowerup               powerup      000018
__Lram                   ram          000000
__Lramtop                ramtop       000800
__Lrbit                  rbit         000000
__Lrbss                  rbss         000000
__Lrdata                 rdata        000000
__Lreset_vec             reset_vec    000000
__Lrparam                rparam       000000
__Lsfr                   sfr          000000
__Lsmallconst            smallconst   000000
__Lspace_0               (abs)        000000
__Lspace_1               (abs)        000000
__Lspace_2               (abs)        000000
__Lstack                 stack        000000
__Lstruct                struct       000000
__Ltemp                  temp         000000
__Ltext                  text         000000
__Ltext0                 text0        000000
__Ltext1                 text1        000000
__Ltext10                text10       000000
__Ltext11                text11       000000
__Ltext12                text12       000000
__Ltext13                text13       000000
__Ltext14                text14       000000
__Ltext15                text15       000000
__Ltext16                text16       000000
__Ltext17                text17       000000
__Ltext18                text18       000000
__Ltext19                text19       000000
__Ltext2                 text2        000000
__Ltext20                text20       000000
__Ltext21                text21       000000
__Ltext22                text22       000000
__Ltext23                text23       000000
__Ltext24                text24       000000
__Ltext25                text25       000000
__Ltext26                text26       000000
__Ltext28                text28       000000
__Ltext3                 text3        000000
__Ltext4                 text4        000000
__Ltext5                 text5        000000
__Ltext6                 text6        000000
__Ltext7                 text7        000000
__Ltext8                 text8        000000
__Ltext9                 text9        000000
__S0                     (abs)        30000E
__S1                     (abs)        000087
__S2                     (abs)        000000
___ftmul                 text24       000B66
___ftmul@cntr            cstackCOMRAM 00002B
___ftmul@exp             cstackCOMRAM 000027
___ftmul@f1              cstackCOMRAM 00001E
___ftmul@f2              cstackCOMRAM 000021
___ftmul@f3_as_product   cstackCOMRAM 000028
___ftmul@sign            cstackCOMRAM 00002C
___ftpack                text25       000C4A
___ftpack@arg            cstackCOMRAM 000013
___ftpack@exp            cstackCOMRAM 000016
___ftpack@sign           cstackCOMRAM 000017
___fttol                 text23       00092C
___fttol@exp1            cstackBANK0  00006A
___fttol@f1              cstackCOMRAM 00002D
___fttol@lval            cstackBANK0  000066
___fttol@sign1           cstackBANK0  000065
___inthi_sp              stack        000000
___intlo_sp              stack        000000
___lldiv                 text16       000D90
___lldiv@counter         cstackCOMRAM 00001F
___lldiv@dividend        cstackCOMRAM 000013
___lldiv@divisor         cstackCOMRAM 000017
___lldiv@quotient        cstackCOMRAM 00001B
___lwdiv                 text15       000FBC
___lwdiv@counter         cstackCOMRAM 000020
___lwdiv@dividend        cstackCOMRAM 00001C
___lwdiv@divisor         cstackCOMRAM 00001E
___lwdiv@quotient        cstackCOMRAM 000021
___lwmod                 text13       00105C
___lwmod@counter         cstackCOMRAM 000017
___lwmod@dividend        cstackCOMRAM 000013
___lwmod@divisor         cstackCOMRAM 000015
___lwtoft                text22       0011DC
___lwtoft@c              cstackCOMRAM 00001B
___sp                    stack        000000
___wmul                  text21       0011B6
___wmul@multiplicand     cstackCOMRAM 000018
___wmul@multiplier       cstackCOMRAM 000016
___wmul@product          cstackCOMRAM 00001A
__accesstop              (abs)        000060
__activetblptr           (abs)        000002
__end_of_Delay10KTCYx    text26       00122C
__end_of___ftmul         text24       000C4A
__end_of___ftpack        text25       000CF2
__end_of___fttol         text23       000A58
__end_of___lldiv         text16       000E12
__end_of___lwdiv         text15       00100E
__end_of___lwmod         text13       00109E
__end_of___lwtoft        text22       001200
__end_of___wmul          text21       0011DC
__end_of__initialization cinit        000F50
__end_of_adc_get         text20       000EF8
__end_of_fn100           text17       00105C
__end_of_fn101           text14       000734
__end_of_fn110           text8        000D90
__end_of_fn111           text5        00092C
__end_of_fn111_led       text6        0011B6
__end_of_hisr            intcode_body 000E90
__end_of_led_dec         text12       000FBC
__end_of_led_dot         text4        001266
__end_of_led_light       text11       00110C
__end_of_led_scan        text28       000B66
__end_of_ledoff          text10       001190
__end_of_ledon           text9        001164
__end_of_ledtgl          text7        001138
__end_of_main            text0        000538
__end_of_pwm0            text3        0010DA
__end_of_pwm0off         text2        001254
__end_of_pwm1            text19       001240
__end_of_pwm1off         text18       00125E
__end_of_pwmalloff       text1        001216
__initialization         cinit        000EF8
__mediumconst            mediumconst  000000
__pbssBANK0              bssBANK0     00007F
__pbssCOMRAM             bssCOMRAM    000031
__pcinit                 cinit        000EF8
__pcstackBANK0           cstackBANK0  000060
__pcstackCOMRAM          cstackCOMRAM 000001
__pdataBANK0             dataBANK0    000075
__pdataCOMRAM            dataCOMRAM   000045
__pidataBANK0            idataBANK0   001240
__pidataCOMRAM           idataCOMRAM  001266
__pintcode               intcode      000008
__pintcode_body          intcode_body 000E12
__pnvCOMRAM              nvCOMRAM     000049
__ptext0                 text0        00001C
__ptext1                 text1        001200
__ptext10                text10       001164
__ptext11                text11       0010DA
__ptext12                text12       000F5A
__ptext13                text13       00105C
__ptext14                text14       000538
__ptext15                text15       000FBC
__ptext16                text16       000D90
__ptext17                text17       00100E
__ptext18                text18       001254
__ptext19                text19       00122C
__ptext2                 text2        00124A
__ptext20                text20       000E90
__ptext21                text21       0011B6
__ptext22                text22       0011DC
__ptext23                text23       00092C
__ptext24                text24       000B66
__ptext25                text25       000C4A
__ptext26                text26       001216
__ptext28                text28       000A58
__ptext3                 text3        00109E
__ptext4                 text4        00125E
__ptext5                 text5        000734
__ptext6                 text6        001190
__ptext7                 text7        00110C
__ptext8                 text8        000CF2
__ptext9                 text9        001138
__ramtop                 ramtop       000800
__size_of_Delay10KTCYx   (abs)        000000
__size_of___ftmul        (abs)        000000
__size_of___ftpack       (abs)        000000
__size_of___fttol        (abs)        000000
__size_of___lldiv        (abs)        000000
__size_of___lwdiv        (abs)        000000
__size_of___lwmod        (abs)        000000
__size_of___lwtoft       (abs)        000000
__size_of___wmul         (abs)        000000
__size_of_adc_get        (abs)        000000
__size_of_fn100          (abs)        000000
__size_of_fn101          (abs)        000000
__size_of_fn110          (abs)        000000
__size_of_fn111          (abs)        000000
__size_of_fn111_led      (abs)        000000
__size_of_hisr           (abs)        000000
__size_of_led_dec        (abs)        000000
__size_of_led_dot        (abs)        000000
__size_of_led_light      (abs)        000000
__size_of_led_scan       (abs)        000000
__size_of_ledoff         (abs)        000000
__size_of_ledon          (abs)        000000
__size_of_ledtgl         (abs)        000000
__size_of_main           (abs)        000000
__size_of_pwm0           (abs)        000000
__size_of_pwm0off        (abs)        000000
__size_of_pwm1           (abs)        000000
__size_of_pwm1off        (abs)        000000
__size_of_pwmalloff      (abs)        000000
__smallconst             smallconst   000000
_a                       bssBANK0     000083
_adc_get                 text20       000E90
_dot                     bssCOMRAM    000044
_ff                      bssBANK0     00007F
_fn100                   text17       00100E
_fn101                   text14       000538
_fn110                   text8        000CF2
_fn111                   text5        000734
_fn111_led               text6        001190
_hisr                    intcode      000008
_i                       bssCOMRAM    000031
_led                     dataBANK0    000075
_led_dec                 text12       000F5A
_led_dot                 text4        00125E
_led_light               text11       0010DA
_led_scan                text28       000A58
_ledoff                  text10       001164
_ledon                   text9        001138
_ledtgl                  text7        00110C
_light                   dataCOMRAM   000048
_main                    text0        00001C
_main$699                cstackBANK0  000071
_main$700                cstackBANK0  000073
_main$701                cstackBANK0  00006F
_pwm0                    text3        00109E
_pwm0off                 text2        00124A
_pwm1                    text19       00122C
_pwm1off                 text18       001254
_pwmalloff               text1        001200
_r100                    bssBANK0     000085
_r16                     nvCOMRAM     000049
_t2                      bssCOMRAM    000039
_t41                     bssCOMRAM    00003B
_t42                     bssCOMRAM    00003D
_t43                     bssCOMRAM    00003F
_tick                    bssCOMRAM    000041
adc_get@n                cstackCOMRAM 000015
end_of_initialization    cinit        000F50
int_func                 intcode_body 000E12
intlevel0                text         000000
intlevel1                text         000000
intlevel2                text         000000
intlevel3                text         000000
led_dec@vh               cstackCOMRAM 000023
led_dec@vl               cstackCOMRAM 000025
led_dot@tp               cstackCOMRAM 000013
led_light@n              cstackCOMRAM 000013
led_scan@dd              cstackCOMRAM 000004
ledoff@n                 cstackCOMRAM 000013
ledon@n                  cstackCOMRAM 000013
ledtgl@n                 cstackCOMRAM 000013
pwm0@n                   cstackCOMRAM 000023
stackhi                  (abs)        0007FF
stacklo                  (abs)        000087
start                    init         000018
start_initialization     cinit        000EF8


FUNCTION INFORMATION:

 *************** function _main *****************
 Defined at:
		line 165 in file "lab105.c"
 Parameters:    Size  Location     Type
		None
 Auto vars:     Size  Location     Type
		None
 Return value:  Size  Location     Type
		None               void
 Registers used:
		wreg, status,2, status,0, prodl, prodh, cstack
 Tracked objects:
		On entry : 
		On exit  : 
		Unchanged: 
 Data sizes:     COMRAM   BANK0   BANK1   BANK2   BANK3   BANK4   BANK5   BANK6   BANK7
      Params:         0       0       0       0       0       0       0       0       0
      Locals:         0       6       0       0       0       0       0       0       0
      Temps:          0       4       0       0       0       0       0       0       0
      Totals:         0      10       0       0       0       0       0       0       0
Total ram usage:       10 bytes
 Hardware stack levels required when called:    5
 This function calls:
		_Delay10KTCYx
		___ftmul
		___fttol
		___lwdiv
		___lwmod
		___lwtoft
		___wmul
		_adc_get
		_fn100
		_fn101
		_fn110
		_fn111
		_led_dec
		_led_dot
		_led_light
		_ledoff
		_ledon
		_pwm0
		_pwm0off
		_pwm1off
		_pwmalloff
 This function is called by:
		Startup code after reset
 This function uses a non-reentrant model


 *************** function _pwmalloff *****************
 Defined at:
		line 39 in file "pwm.c"
 Parameters:    Size  Location     Type
		None
 Auto vars:     Size  Location     Type
		None
 Return value:  Size  Location     Type
		None               void
 Registers used:
		wreg, status,2
 Tracked objects:
		On entry : 
		On exit  : 
		Unchanged: 
 Data sizes:     COMRAM   BANK0   BANK1   BANK2   BANK3   BANK4   BANK5   BANK6   BANK7
      Params:         0       0       0       0       0       0       0       0       0
      Locals:         0       0       0       0       0       0       0       0       0
      Temps:          0       0       0       0       0       0       0       0       0
      Totals:         0       0       0       0       0       0       0       0       0
Total ram usage:        0 bytes
 Hardware stack levels used:    1
 Hardware stack levels required when called:    2
 This function calls:
		Nothing
 This function is called by:
		_main
 This function uses a non-reentrant model


 *************** function _pwm0off *****************
 Defined at:
		line 27 in file "pwm.c"
 Parameters:    Size  Location     Type
		None
 Auto vars:     Size  Location     Type
		None
 Return value:  Size  Location     Type
		None               void
 Registers used:
		wreg, status,2
 Tracked objects:
		On entry : 
		On exit  : 
		Unchanged: 
 Data sizes:     COMRAM   BANK0   BANK1   BANK2   BANK3   BANK4   BANK5   BANK6   BANK7
      Params:         0       0       0       0       0       0       0       0       0
      Locals:         0       0       0       0       0       0       0       0       0
      Temps:          0       0       0       0       0       0       0       0       0
      Totals:         0       0       0       0       0       0       0       0       0
Total ram usage:        0 bytes
 Hardware stack levels used:    1
 Hardware stack levels required when called:    2
 This function calls:
		Nothing
 This function is called by:
		_main
 This function uses a non-reentrant model


 *************** function _pwm0 *****************
 Defined at:
		line 9 in file "pwm.c"
 Parameters:    Size  Location     Type
  n               2   34[COMRAM] unsigned int 
 Auto vars:     Size  Location     Type
		None
 Return value:  Size  Location     Type
		None               void
 Registers used:
		wreg, status,2, status,0, prodl, prodh, cstack
 Tracked objects:
		On entry : 
		On exit  : 
		Unchanged: 
 Data sizes:     COMRAM   BANK0   BANK1   BANK2   BANK3   BANK4   BANK5   BANK6   BANK7
      Params:         2       0       0       0       0       0       0       0       0
      Locals:         0       0       0       0       0       0       0       0       0
      Temps:          0       0       0       0       0       0       0       0       0
      Totals:         2       0       0       0       0       0       0       0       0
Total ram usage:        2 bytes
 Hardware stack levels used:    1
 Hardware stack levels required when called:    3
 This function calls:
		___lwdiv
		___wmul
 This function is called by:
		_main
 This function uses a non-reentrant model


 *************** function _led_dot *****************
 Defined at:
		line 45 in file "led7.c"
 Parameters:    Size  Location     Type
  tp              1    wreg     unsigned char 
 Auto vars:     Size  Location     Type
  tp              1   18[COMRAM] unsigned char 
 Return value:  Size  Location     Type
		None               void
 Registers used:
		wreg
 Tracked objects:
		On entry : 
		On exit  : 
		Unchanged: 
 Data sizes:     COMRAM   BANK0   BANK1   BANK2   BANK3   BANK4   BANK5   BANK6   BANK7
      Params:         0       0       0       0       0       0       0       0       0
      Locals:         1       0       0       0       0       0       0       0       0
      Temps:          0       0       0       0       0       0       0       0       0
      Totals:         1       0       0       0       0       0       0       0       0
Total ram usage:        1 bytes
 Hardware stack levels used:    1
 Hardware stack levels required when called:    2
 This function calls:
		Nothing
 This function is called by:
		_main
 This function uses a non-reentrant model


 *************** function _fn111 *****************
 Defined at:
		line 130 in file "lab105.c"
 Parameters:    Size  Location     Type
		None
 Auto vars:     Size  Location     Type
		None
 Return value:  Size  Location     Type
                  2   31[COMRAM] unsigned int 
 Registers used:
		wreg, status,2, status,0, prodl, prodh, cstack
 Tracked objects:
		On entry : 
		On exit  : 
		Unchanged: 
 Data sizes:     COMRAM   BANK0   BANK1   BANK2   BANK3   BANK4   BANK5   BANK6   BANK7
      Params:         2       0       0       0       0       0       0       0       0
      Locals:         0       0       0       0       0       0       0       0       0
      Temps:          2       0       0       0       0       0       0       0       0
      Totals:         4       0       0       0       0       0       0       0       0
Total ram usage:        4 bytes
 Hardware stack levels used:    1
 Hardware stack levels required when called:    4
 This function calls:
		___lldiv
		___wmul
		_fn111_led
 This function is called by:
		_main
 This function uses a non-reentrant model


 *************** function _fn111_led *****************
 Defined at:
		line 120 in file "lab105.c"
 Parameters:    Size  Location     Type
		None
 Auto vars:     Size  Location     Type
		None
 Return value:  Size  Location     Type
		None               void
 Registers used:
		wreg, status,2, status,0, cstack
 Tracked objects:
		On entry : 
		On exit  : 
		Unchanged: 
 Data sizes:     COMRAM   BANK0   BANK1   BANK2   BANK3   BANK4   BANK5   BANK6   BANK7
      Params:         0       0       0       0       0       0       0       0       0
      Locals:         0       0       0       0       0       0       0       0       0
      Temps:          0       0       0       0       0       0       0       0       0
      Totals:         0       0       0       0       0       0       0       0       0
Total ram usage:        0 bytes
 Hardware stack levels used:    1
 Hardware stack levels required when called:    3
 This function calls:
		_ledtgl
 This function is called by:
		_fn111
 This function uses a non-reentrant model


 *************** function _ledtgl *****************
 Defined at:
		line 31 in file "led.c"
 Parameters:    Size  Location     Type
  n               1    wreg     unsigned char 
 Auto vars:     Size  Location     Type
  n               1   18[COMRAM] unsigned char 
 Return value:  Size  Location     Type
		None               void
 Registers used:
		wreg, status,2, status,0
 Tracked objects:
		On entry : 
		On exit  : 
		Unchanged: 
 Data sizes:     COMRAM   BANK0   BANK1   BANK2   BANK3   BANK4   BANK5   BANK6   BANK7
      Params:         0       0       0       0       0       0       0       0       0
      Locals:         1       0       0       0       0       0       0       0       0
      Temps:          0       0       0       0       0       0       0       0       0
      Totals:         1       0       0       0       0       0       0       0       0
Total ram usage:        1 bytes
 Hardware stack levels used:    1
 Hardware stack levels required when called:    2
 This function calls:
		Nothing
 This function is called by:
		_fn111_led
 This function uses a non-reentrant model


 *************** function _fn110 *****************
 Defined at:
		line 103 in file "lab105.c"
 Parameters:    Size  Location     Type
		None
 Auto vars:     Size  Location     Type
		None
 Return value:  Size  Location     Type
		None               void
 Registers used:
		wreg, status,2, status,0, cstack
 Tracked objects:
		On entry : 
		On exit  : 
		Unchanged: 
 Data sizes:     COMRAM   BANK0   BANK1   BANK2   BANK3   BANK4   BANK5   BANK6   BANK7
      Params:         0       0       0       0       0       0       0       0       0
      Locals:         0       0       0       0       0       0       0       0       0
      Temps:          2       0       0       0       0       0       0       0       0
      Totals:         2       0       0       0       0       0       0       0       0
Total ram usage:        2 bytes
 Hardware stack levels used:    1
 Hardware stack levels required when called:    4
 This function calls:
		_adc_get
		_led_dec
		_led_light
		_ledoff
		_ledon
 This function is called by:
		_main
 This function uses a non-reentrant model


 *************** function _ledon *****************
 Defined at:
		line 11 in file "led.c"
 Parameters:    Size  Location     Type
  n               1    wreg     unsigned char 
 Auto vars:     Size  Location     Type
  n               1   18[COMRAM] unsigned char 
 Return value:  Size  Location     Type
		None               void
 Registers used:
		wreg, status,2, status,0
 Tracked objects:
		On entry : 
		On exit  : 
		Unchanged: 
 Data sizes:     COMRAM   BANK0   BANK1   BANK2   BANK3   BANK4   BANK5   BANK6   BANK7
      Params:         0       0       0       0       0       0       0       0       0
      Locals:         1       0       0       0       0       0       0       0       0
      Temps:          0       0       0       0       0       0       0       0       0
      Totals:         1       0       0       0       0       0       0       0       0
Total ram usage:        1 bytes
 Hardware stack levels used:    1
 Hardware stack levels required when called:    2
 This function calls:
		Nothing
 This function is called by:
		_fn110
		_main
 This function uses a non-reentrant model


 *************** function _ledoff *****************
 Defined at:
		line 20 in file "led.c"
 Parameters:    Size  Location     Type
  n               1    wreg     unsigned char 
 Auto vars:     Size  Location     Type
  n               1   18[COMRAM] unsigned char 
 Return value:  Size  Location     Type
		None               void
 Registers used:
		wreg, status,2, status,0
 Tracked objects:
		On entry : 
		On exit  : 
		Unchanged: 
 Data sizes:     COMRAM   BANK0   BANK1   BANK2   BANK3   BANK4   BANK5   BANK6   BANK7
      Params:         0       0       0       0       0       0       0       0       0
      Locals:         1       0       0       0       0       0       0       0       0
      Temps:          0       0       0       0       0       0       0       0       0
      Totals:         1       0       0       0       0       0       0       0       0
Total ram usage:        1 bytes
 Hardware stack levels used:    1
 Hardware stack levels required when called:    2
 This function calls:
		Nothing
 This function is called by:
		_fn110
		_main
 This function uses a non-reentrant model


 *************** function _led_light *****************
 Defined at:
		line 56 in file "led7.c"
 Parameters:    Size  Location     Type
  n               1    wreg     unsigned char 
 Auto vars:     Size  Location     Type
  n               1   18[COMRAM] unsigned char 
 Return value:  Size  Location     Type
		None               void
 Registers used:
		wreg, status,2, status,0
 Tracked objects:
		On entry : 
		On exit  : 
		Unchanged: 
 Data sizes:     COMRAM   BANK0   BANK1   BANK2   BANK3   BANK4   BANK5   BANK6   BANK7
      Params:         0       0       0       0       0       0       0       0       0
      Locals:         1       0       0       0       0       0       0       0       0
      Temps:          0       0       0       0       0       0       0       0       0
      Totals:         1       0       0       0       0       0       0       0       0
Total ram usage:        1 bytes
 Hardware stack levels used:    1
 Hardware stack levels required when called:    2
 This function calls:
		Nothing
 This function is called by:
		_fn110
		_main
 This function uses a non-reentrant model


 *************** function _led_dec *****************
 Defined at:
		line 49 in file "led7.c"
 Parameters:    Size  Location     Type
  vh              2   34[COMRAM] unsigned int 
  vl              2   36[COMRAM] unsigned int 
 Auto vars:     Size  Location     Type
		None
 Return value:  Size  Location     Type
		None               void
 Registers used:
		wreg, status,2, status,0, cstack
 Tracked objects:
		On entry : 
		On exit  : 
		Unchanged: 
 Data sizes:     COMRAM   BANK0   BANK1   BANK2   BANK3   BANK4   BANK5   BANK6   BANK7
      Params:         4       0       0       0       0       0       0       0       0
      Locals:         0       0       0       0       0       0       0       0       0
      Temps:          0       0       0       0       0       0       0       0       0
      Totals:         4       0       0       0       0       0       0       0       0
Total ram usage:        4 bytes
 Hardware stack levels used:    1
 Hardware stack levels required when called:    3
 This function calls:
		___lwdiv
		___lwmod
 This function is called by:
		_fn110
		_main
 This function uses a non-reentrant model


 *************** function ___lwmod *****************
 Defined at:
		line 8 in file "C:\Program Files (x86)\Microchip\xc8\v1.33\sources\common\lwmod.c"
 Parameters:    Size  Location     Type
  dividend        2   18[COMRAM] unsigned int 
  divisor         2   20[COMRAM] unsigned int 
 Auto vars:     Size  Location     Type
  counter         1   22[COMRAM] unsigned char 
 Return value:  Size  Location     Type
                  2   18[COMRAM] unsigned int 
 Registers used:
		wreg, status,2, status,0
 Tracked objects:
		On entry : 
		On exit  : 
		Unchanged: 
 Data sizes:     COMRAM   BANK0   BANK1   BANK2   BANK3   BANK4   BANK5   BANK6   BANK7
      Params:         4       0       0       0       0       0       0       0       0
      Locals:         1       0       0       0       0       0       0       0       0
      Temps:          0       0       0       0       0       0       0       0       0
      Totals:         5       0       0       0       0       0       0       0       0
Total ram usage:        5 bytes
 Hardware stack levels used:    1
 Hardware stack levels required when called:    2
 This function calls:
		Nothing
 This function is called by:
		_main
		_led_dec
 This function uses a non-reentrant model


 *************** function _fn101 *****************
 Defined at:
		line 69 in file "lab105.c"
 Parameters:    Size  Location     Type
		None
 Auto vars:     Size  Location     Type
		None
 Return value:  Size  Location     Type
                  2   34[COMRAM] unsigned int 
 Registers used:
		wreg, status,2, status,0, prodl, prodh, cstack
 Tracked objects:
		On entry : 
		On exit  : 
		Unchanged: 
 Data sizes:     COMRAM   BANK0   BANK1   BANK2   BANK3   BANK4   BANK5   BANK6   BANK7
      Params:         2       0       0       0       0       0       0       0       0
      Locals:         0       0       0       0       0       0       0       0       0
      Temps:          2       0       0       0       0       0       0       0       0
      Totals:         4       0       0       0       0       0       0       0       0
Total ram usage:        4 bytes
 Hardware stack levels used:    1
 Hardware stack levels required when called:    3
 This function calls:
		___lldiv
		___lwdiv
		___wmul
 This function is called by:
		_main
 This function uses a non-reentrant model


 *************** function ___lwdiv *****************
 Defined at:
		line 8 in file "C:\Program Files (x86)\Microchip\xc8\v1.33\sources\common\lwdiv.c"
 Parameters:    Size  Location     Type
  dividend        2   27[COMRAM] unsigned int 
  divisor         2   29[COMRAM] unsigned int 
 Auto vars:     Size  Location     Type
  quotient        2   32[COMRAM] unsigned int 
  counter         1   31[COMRAM] unsigned char 
 Return value:  Size  Location     Type
                  2   27[COMRAM] unsigned int 
 Registers used:
		wreg, status,2, status,0
 Tracked objects:
		On entry : 
		On exit  : 
		Unchanged: 
 Data sizes:     COMRAM   BANK0   BANK1   BANK2   BANK3   BANK4   BANK5   BANK6   BANK7
      Params:         4       0       0       0       0       0       0       0       0
      Locals:         3       0       0       0       0       0       0       0       0
      Temps:          0       0       0       0       0       0       0       0       0
      Totals:         7       0       0       0       0       0       0       0       0
Total ram usage:        7 bytes
 Hardware stack levels used:    1
 Hardware stack levels required when called:    2
 This function calls:
		Nothing
 This function is called by:
		_fn101
		_main
		_led_dec
		_pwm0
 This function uses a non-reentrant model


 *************** function ___lldiv *****************
 Defined at:
		line 8 in file "C:\Program Files (x86)\Microchip\xc8\v1.33\sources\common\lldiv.c"
 Parameters:    Size  Location     Type
  dividend        4   18[COMRAM] unsigned long 
  divisor         4   22[COMRAM] unsigned long 
 Auto vars:     Size  Location     Type
  quotient        4   26[COMRAM] unsigned long 
  counter         1   30[COMRAM] unsigned char 
 Return value:  Size  Location     Type
                  4   18[COMRAM] unsigned long 
 Registers used:
		wreg, status,2, status,0
 Tracked objects:
		On entry : 
		On exit  : 
		Unchanged: 
 Data sizes:     COMRAM   BANK0   BANK1   BANK2   BANK3   BANK4   BANK5   BANK6   BANK7
      Params:         8       0       0       0       0       0       0       0       0
      Locals:         5       0       0       0       0       0       0       0       0
      Temps:          0       0       0       0       0       0       0       0       0
      Totals:        13       0       0       0       0       0       0       0       0
Total ram usage:       13 bytes
 Hardware stack levels used:    1
 Hardware stack levels required when called:    2
 This function calls:
		Nothing
 This function is called by:
		_fn101
		_fn111
 This function uses a non-reentrant model


 *************** function _fn100 *****************
 Defined at:
		line 51 in file "lab105.c"
 Parameters:    Size  Location     Type
		None
 Auto vars:     Size  Location     Type
		None
 Return value:  Size  Location     Type
                  2   27[COMRAM] unsigned int 
 Registers used:
		wreg, status,2, status,0, prodl, prodh, cstack
 Tracked objects:
		On entry : 
		On exit  : 
		Unchanged: 
 Data sizes:     COMRAM   BANK0   BANK1   BANK2   BANK3   BANK4   BANK5   BANK6   BANK7
      Params:         2       0       0       0       0       0       0       0       0
      Locals:         0       0       0       0       0       0       0       0       0
      Temps:          0       0       0       0       0       0       0       0       0
      Totals:         2       0       0       0       0       0       0       0       0
Total ram usage:        2 bytes
 Hardware stack levels used:    1
 Hardware stack levels required when called:    3
 This function calls:
		___wmul
		_adc_get
		_pwm1
		_pwm1off
 This function is called by:
		_main
 This function uses a non-reentrant model


 *************** function _pwm1off *****************
 Defined at:
		line 33 in file "pwm.c"
 Parameters:    Size  Location     Type
		None
 Auto vars:     Size  Location     Type
		None
 Return value:  Size  Location     Type
		None               void
 Registers used:
		wreg, status,2
 Tracked objects:
		On entry : 
		On exit  : 
		Unchanged: 
 Data sizes:     COMRAM   BANK0   BANK1   BANK2   BANK3   BANK4   BANK5   BANK6   BANK7
      Params:         0       0       0       0       0       0       0       0       0
      Locals:         0       0       0       0       0       0       0       0       0
      Temps:          0       0       0       0       0       0       0       0       0
      Totals:         0       0       0       0       0       0       0       0       0
Total ram usage:        0 bytes
 Hardware stack levels used:    1
 Hardware stack levels required when called:    2
 This function calls:
		Nothing
 This function is called by:
		_fn100
		_main
 This function uses a non-reentrant model


 *************** function _pwm1 *****************
 Defined at:
		line 18 in file "pwm.c"
 Parameters:    Size  Location     Type
		None
 Auto vars:     Size  Location     Type
		None
 Return value:  Size  Location     Type
		None               void
 Registers used:
		wreg, status,2
 Tracked objects:
		On entry : 
		On exit  : 
		Unchanged: 
 Data sizes:     COMRAM   BANK0   BANK1   BANK2   BANK3   BANK4   BANK5   BANK6   BANK7
      Params:         0       0       0       0       0       0       0       0       0
      Locals:         0       0       0       0       0       0       0       0       0
      Temps:          0       0       0       0       0       0       0       0       0
      Totals:         0       0       0       0       0       0       0       0       0
Total ram usage:        0 bytes
 Hardware stack levels used:    1
 Hardware stack levels required when called:    2
 This function calls:
		Nothing
 This function is called by:
		_fn100
 This function uses a non-reentrant model


 *************** function _adc_get *****************
 Defined at:
		line 5 in file "adc.c"
 Parameters:    Size  Location     Type
  n               1    wreg     unsigned char 
 Auto vars:     Size  Location     Type
  n               1   20[COMRAM] unsigned char 
 Return value:  Size  Location     Type
                  2   18[COMRAM] unsigned int 
 Registers used:
		wreg, status,2, status,0
 Tracked objects:
		On entry : 
		On exit  : 
		Unchanged: 
 Data sizes:     COMRAM   BANK0   BANK1   BANK2   BANK3   BANK4   BANK5   BANK6   BANK7
      Params:         2       0       0       0       0       0       0       0       0
      Locals:         1       0       0       0       0       0       0       0       0
      Temps:          0       0       0       0       0       0       0       0       0
      Totals:         3       0       0       0       0       0       0       0       0
Total ram usage:        3 bytes
 Hardware stack levels used:    1
 Hardware stack levels required when called:    2
 This function calls:
		Nothing
 This function is called by:
		_fn100
		_fn110
		_main
 This function uses a non-reentrant model


 *************** function ___wmul *****************
 Defined at:
		line 15 in file "C:\Program Files (x86)\Microchip\xc8\v1.33\sources\common\Umul16.c"
 Parameters:    Size  Location     Type
  multiplier      2   21[COMRAM] unsigned int 
  multiplicand    2   23[COMRAM] unsigned int 
 Auto vars:     Size  Location     Type
  product         2   25[COMRAM] unsigned int 
 Return value:  Size  Location     Type
                  2   21[COMRAM] unsigned int 
 Registers used:
		wreg, status,2, status,0, prodl, prodh
 Tracked objects:
		On entry : 
		On exit  : 
		Unchanged: 
 Data sizes:     COMRAM   BANK0   BANK1   BANK2   BANK3   BANK4   BANK5   BANK6   BANK7
      Params:         4       0       0       0       0       0       0       0       0
      Locals:         2       0       0       0       0       0       0       0       0
      Temps:          0       0       0       0       0       0       0       0       0
      Totals:         6       0       0       0       0       0       0       0       0
Total ram usage:        6 bytes
 Hardware stack levels used:    1
 Hardware stack levels required when called:    2
 This function calls:
		Nothing
 This function is called by:
		_fn100
		_fn101
		_fn111
		_main
		_pwm0
 This function uses a non-reentrant model


 *************** function ___lwtoft *****************
 Defined at:
		line 28 in file "C:\Program Files (x86)\Microchip\xc8\v1.33\sources\common\lwtoft.c"
 Parameters:    Size  Location     Type
  c               2   26[COMRAM] unsigned int 
 Auto vars:     Size  Location     Type
		None
 Return value:  Size  Location     Type
                  3   26[COMRAM] float 
 Registers used:
		wreg, status,2, status,0, cstack
 Tracked objects:
		On entry : 
		On exit  : 
		Unchanged: 
 Data sizes:     COMRAM   BANK0   BANK1   BANK2   BANK3   BANK4   BANK5   BANK6   BANK7
      Params:         3       0       0       0       0       0       0       0       0
      Locals:         0       0       0       0       0       0       0       0       0
      Temps:          0       0       0       0       0       0       0       0       0
      Totals:         3       0       0       0       0       0       0       0       0
Total ram usage:        3 bytes
 Hardware stack levels used:    1
 Hardware stack levels required when called:    3
 This function calls:
		___ftpack
 This function is called by:
		_main
 This function uses a non-reentrant model


 *************** function ___fttol *****************
 Defined at:
		line 44 in file "C:\Program Files (x86)\Microchip\xc8\v1.33\sources\common\fttol.c"
 Parameters:    Size  Location     Type
  f1              3   44[COMRAM] float 
 Auto vars:     Size  Location     Type
  lval            4    6[BANK0 ] unsigned long 
  exp1            1   10[BANK0 ] unsigned char 
  sign1           1    5[BANK0 ] unsigned char 
 Return value:  Size  Location     Type
                  4   44[COMRAM] long 
 Registers used:
		wreg, status,2, status,0
 Tracked objects:
		On entry : 
		On exit  : 
		Unchanged: 
 Data sizes:     COMRAM   BANK0   BANK1   BANK2   BANK3   BANK4   BANK5   BANK6   BANK7
      Params:         4       0       0       0       0       0       0       0       0
      Locals:         0       6       0       0       0       0       0       0       0
      Temps:          0       5       0       0       0       0       0       0       0
      Totals:         4      11       0       0       0       0       0       0       0
Total ram usage:       15 bytes
 Hardware stack levels used:    1
 Hardware stack levels required when called:    2
 This function calls:
		Nothing
 This function is called by:
		_main
 This function uses a non-reentrant model


 *************** function ___ftmul *****************
 Defined at:
		line 62 in file "C:\Program Files (x86)\Microchip\xc8\v1.33\sources\common\ftmul.c"
 Parameters:    Size  Location     Type
  f1              3   29[COMRAM] float 
  f2              3   32[COMRAM] float 
 Auto vars:     Size  Location     Type
  f3_as_produc    3   39[COMRAM] unsigned um
  sign            1   43[COMRAM] unsigned char 
  cntr            1   42[COMRAM] unsigned char 
  exp             1   38[COMRAM] unsigned char 
 Return value:  Size  Location     Type
                  3   29[COMRAM] float 
 Registers used:
		wreg, status,2, status,0, cstack
 Tracked objects:
		On entry : 
		On exit  : 
		Unchanged: 
 Data sizes:     COMRAM   BANK0   BANK1   BANK2   BANK3   BANK4   BANK5   BANK6   BANK7
      Params:         6       0       0       0       0       0       0       0       0
      Locals:         6       0       0       0       0       0       0       0       0
      Temps:          3       0       0       0       0       0       0       0       0
      Totals:        15       0       0       0       0       0       0       0       0
Total ram usage:       15 bytes
 Hardware stack levels used:    1
 Hardware stack levels required when called:    3
 This function calls:
		___ftpack
 This function is called by:
		_main
 This function uses a non-reentrant model


 *************** function ___ftpack *****************
 Defined at:
		line 62 in file "C:\Program Files (x86)\Microchip\xc8\v1.33\sources\common\float.c"
 Parameters:    Size  Location     Type
  arg             3   18[COMRAM] unsigned um
  exp             1   21[COMRAM] unsigned char 
  sign            1   22[COMRAM] unsigned char 
 Auto vars:     Size  Location     Type
		None
 Return value:  Size  Location     Type
                  3   18[COMRAM] float 
 Registers used:
		wreg, status,2, status,0
 Tracked objects:
		On entry : 
		On exit  : 
		Unchanged: 
 Data sizes:     COMRAM   BANK0   BANK1   BANK2   BANK3   BANK4   BANK5   BANK6   BANK7
      Params:         5       0       0       0       0       0       0       0       0
      Locals:         0       0       0       0       0       0       0       0       0
      Temps:          3       0       0       0       0       0       0       0       0
      Totals:         8       0       0       0       0       0       0       0       0
Total ram usage:        8 bytes
 Hardware stack levels used:    1
 Hardware stack levels required when called:    2
 This function calls:
		Nothing
 This function is called by:
		___ftmul
		___lwtoft
 This function uses a non-reentrant model


 *************** function _Delay10KTCYx *****************
 Defined at:
		line 8 in file "C:\Program Files (x86)\Microchip\xc8\v1.33\sources\pic18\d10ktcyx.c"
 Parameters:    Size  Location     Type
  unit            1    wreg     unsigned char 
 Auto vars:     Size  Location     Type
  unit            1   19[COMRAM] unsigned char 
 Return value:  Size  Location     Type
		None               void
 Registers used:
		wreg
 Tracked objects:
		On entry : 
		On exit  : 
		Unchanged: 
 Data sizes:     COMRAM   BANK0   BANK1   BANK2   BANK3   BANK4   BANK5   BANK6   BANK7
      Params:         0       0       0       0       0       0       0       0       0
      Locals:         1       0       0       0       0       0       0       0       0
      Temps:          1       0       0       0       0       0       0       0       0
      Totals:         2       0       0       0       0       0       0       0       0
Total ram usage:        2 bytes
 Hardware stack levels used:    1
 Hardware stack levels required when called:    2
 This function calls:
		Nothing
 This function is called by:
		_main
 This function uses a non-reentrant model


 *************** function _hisr *****************
 Defined at:
		line 35 in file "lab105.c"
 Parameters:    Size  Location     Type
		None
 Auto vars:     Size  Location     Type
		None
 Return value:  Size  Location     Type
		None               void
 Registers used:
		wreg, fsr2l, fsr2h, status,2, status,0, prodl, prodh, cstack
 Tracked objects:
		On entry : 
		On exit  : 
		Unchanged: 
 Data sizes:     COMRAM   BANK0   BANK1   BANK2   BANK3   BANK4   BANK5   BANK6   BANK7
      Params:         0       0       0       0       0       0       0       0       0
      Locals:         0       0       0       0       0       0       0       0       0
      Temps:         14       0       0       0       0       0       0       0       0
      Totals:        14       0       0       0       0       0       0       0       0
Total ram usage:       14 bytes
 Hardware stack levels used:    1
 Hardware stack levels required when called:    1
 This function calls:
		_led_scan
 This function is called by:
		Interrupt level 2
 This function uses a non-reentrant model


 *************** function _led_scan *****************
 Defined at:
		line 19 in file "led7.c"
 Parameters:    Size  Location     Type
		None
 Auto vars:     Size  Location     Type
  dd              1    3[COMRAM] unsigned char 
 Return value:  Size  Location     Type
		None               void
 Registers used:
		wreg, fsr2l, fsr2h, status,2, status,0, prodl, prodh
 Tracked objects:
		On entry : 
		On exit  : 
		Unchanged: 
 Data sizes:     COMRAM   BANK0   BANK1   BANK2   BANK3   BANK4   BANK5   BANK6   BANK7
      Params:         0       0       0       0       0       0       0       0       0
      Locals:         1       0       0       0       0       0       0       0       0
      Temps:          3       0       0       0       0       0       0       0       0
      Totals:         4       0       0       0       0       0       0       0       0
Total ram usage:        4 bytes
 Hardware stack levels used:    1
 This function calls:
		Nothing
 This function is called by:
		_hisr
 This function uses a non-reentrant model



MODULE INFORMATION

Module		Function		Class		Link	Load	Size
C:\Program Files (x86)\Microchip\xc8\v1.33\sources\common\float.c
		___ftpack      		CODE           	0C4A	0000	168

C:\Program Files (x86)\Microchip\xc8\v1.33\sources\common\float.c estimated size: 168

C:\Program Files (x86)\Microchip\xc8\v1.33\sources\common\lwmod.c
		___lwmod       		CODE           	105C	0000	66

C:\Program Files (x86)\Microchip\xc8\v1.33\sources\common\lwmod.c estimated size: 66

C:\Program Files (x86)\Microchip\xc8\v1.33\sources\common\Umul16.c
		___wmul        		CODE           	11B6	0000	38

C:\Program Files (x86)\Microchip\xc8\v1.33\sources\common\Umul16.c estimated size: 38

led7.c
		_led_dot       		CODE           	125E	0000	8
		_led_light     		CODE           	10DA	0000	50
		_led_scan      		CODE           	0A58	0000	270
		_led_dec       		CODE           	0F5A	0000	98

led7.c estimated size: 426

pwm.c
		_pwm1off       		CODE           	1254	0000	10
		_pwm0          		CODE           	109E	0000	60
		_pwm1          		CODE           	122C	0000	20
		_pwmalloff     		CODE           	1200	0000	22
		_pwm0off       		CODE           	124A	0000	10

pwm.c estimated size: 122

C:\Program Files (x86)\Microchip\xc8\v1.33\sources\common\ftmul.c
		___ftmul       		CODE           	0B66	0000	228

C:\Program Files (x86)\Microchip\xc8\v1.33\sources\common\ftmul.c estimated size: 228

adc.c
		_adc_get       		CODE           	0E90	0000	104

adc.c estimated size: 104

lab105.c
		_fn100         		CODE           	100E	0000	78
		_fn110         		CODE           	0CF2	0000	158
		_hisr          		CODE           	0008	0000	3720
		_fn101         		CODE           	0538	0000	508
		_fn111_led     		CODE           	1190	0000	38
		_fn111         		CODE           	0734	0000	504
		_main          		CODE           	001C	0000	1308

lab105.c estimated size: 6314

C:\Program Files (x86)\Microchip\xc8\v1.33\sources\pic18\d10ktcyx.c
		_Delay10KTCYx  		CODE           	1216	0000	22

C:\Program Files (x86)\Microchip\xc8\v1.33\sources\pic18\d10ktcyx.c estimated size: 22

C:\Program Files (x86)\Microchip\xc8\v1.33\sources\common\lwdiv.c
		___lwdiv       		CODE           	0FBC	0000	82

C:\Program Files (x86)\Microchip\xc8\v1.33\sources\common\lwdiv.c estimated size: 82

C:\Program Files (x86)\Microchip\xc8\v1.33\sources\common\lldiv.c
		___lldiv       		CODE           	0D90	0000	130

C:\Program Files (x86)\Microchip\xc8\v1.33\sources\common\lldiv.c estimated size: 130

shared
		__initializatio		CODE           	0EF8	0000	88

shared estimated size: 88

C:\Program Files (x86)\Microchip\xc8\v1.33\sources\common\fttol.c
		___fttol       		CODE           	092C	0000	300

C:\Program Files (x86)\Microchip\xc8\v1.33\sources\common\fttol.c estimated size: 300

C:\Program Files (x86)\Microchip\xc8\v1.33\sources\common\lwtoft.c
		___lwtoft      		CODE           	11DC	0000	36

C:\Program Files (x86)\Microchip\xc8\v1.33\sources\common\lwtoft.c estimated size: 36

led.c
		_ledon         		CODE           	1138	0000	44
		_ledtgl        		CODE           	110C	0000	44
		_ledoff        		CODE           	1164	0000	44

led.c estimated size: 132

