Microchip MPLAB XC8 Compiler V1.33 ()

Linker command line:

-W-3 --edf=C:\Program Files (x86)\Microchip\xc8\v1.33\dat\en_msgs.txt -cs \
  -h+dist/default/production\lab104.X.production.sym \
  --cmf=dist/default/production\lab104.X.production.cmf -z -Q18F4550 \
  -oC:\Users\abcd\AppData\Local\Temp\s8d8.6 \
  -Mdist/default/production/lab104.X.production.map -E1 -ver=XC8 \
  -ASTACK=060h-07ffh -pstack=STACK -ACODE=00h-07FFFh -ACONST=00h-07FFFh \
  -ASMALLCONST=0800h-08FFhx120 -AMEDIUMCONST=0800h-07FFFh -ACOMRAM=01h-05Fh \
  -AABS1=00h-07FFh -ABIGRAM=01h-07FFh -ARAM=060h-0FFh,0100h-01FFhx7 \
  -ABANK0=060h-0FFh -ABANK1=0100h-01FFh -ABANK2=0200h-02FFh \
  -ABANK3=0300h-03FFh -ABANK4=0400h-04FFh -ABANK5=0500h-05FFh \
  -ABANK6=0600h-06FFh -ABANK7=0700h-07FFh -ASFR=0F60h-0FFFh \
  -preset_vec=00h,intcode=08h,intcodelo,powerup,init,end_init \
  -pramtop=0800h -psmallconst=SMALLCONST -pmediumconst=MEDIUMCONST \
  -pconst=CONST -AFARRAM=00h-00h -ACONFIG=0300000h-030000Dh -pconfig=CONFIG \
  -AIDLOC=0200000h-0200007h -pidloc=IDLOC -AEEDATA=0F00000h-0F000FFh \
  -peeprom_data=EEDATA \
  -prdata=COMRAM,nvrram=COMRAM,nvbit=COMRAM,rbss=COMRAM,rbit=COMRAM \
  -pfarbss=FARRAM,fardata=FARRAM,nvFARRAM=FARRAM \
  -pintsave_regs=BIGRAM,bigbss=BIGRAM,bigdata=BIGRAM -pbss=RAM \
  -pidata=CODE,irdata=CODE,ibigdata=CODE,ifardata=CODE \
  C:\Users\abcd\AppData\Local\Temp\s8d8.obj \
  dist/default/production\lab104.X.production.obj 

Object code version is 3.11

Machine type is 18F4550

Call graph: (short form)




                Name                               Link     Load   Length Selector   Space Scale
C:\Users\abcd\AppData\Local\Temp\s8d8.obj
                end_init                             18       18        4        4       0
                reset_vec                             0        0        4        0       0
                idloc                            200000   200000        8   200000       0
                config                           300000   300000        E   300000       0
dist/default/production\lab104.X.production.obj
                intcode                               8        8       10        4       0
                text18                              28C      28C       B6        4       0
                intcode_body                        1B6      1B6       D6        4       0
                text16                              7A8      7A8       26        4       0
                text15                              65C      65C       48        4       0
                text14                              7CE      7CE       18        4       0
                text13                              53A      53A       6C        4       0
                text12                              60A      60A       52        4       0
                text11                              6A4      6A4       42        4       0
                text10                              71C      71C       36        4       0
                text9                               780      780       28        4       0
                text8                               7FA      7FA       10        4       0
                text7                               752      752       2E        4       0
                text6                               498      498       A2        4       0
                text5                               7E6      7E6       14        4       0
                text4                               80A      80A        E        4       0
                text3                                1C       1C      19A        4       0
                text2                               3F0      3F0       A8        4       0
                text1                               342      342       AE        4       0
                text0                               5A6      5A6       64        4       0
                cstackCOMRAM                          1        1       24        1       1
                dataCOMRAM                           37       37        D        1       1
                bssCOMRAM                            25       25       12        1       1
                cinit                               6E6      6E6       36        4       0
                idataCOMRAM                         818      818        D        4       0

TOTAL           Name                               Link     Load   Length     Space
        CLASS   STACK          

        CLASS   CODE           
                end_init                             18       18        4         0
                intcode                               8        8       10         0
                reset_vec                             0        0        4         0
                text18                              28C      28C       B6         0
                intcode_body                        1B6      1B6       D6         0
                text16                              7A8      7A8       26         0
                text15                              65C      65C       48         0
                text14                              7CE      7CE       18         0
                text13                              53A      53A       6C         0
                text12                              60A      60A       52         0
                text11                              6A4      6A4       42         0
                text10                              71C      71C       36         0
                text9                               780      780       28         0
                text8                               7FA      7FA       10         0
                text7                               752      752       2E         0
                text6                               498      498       A2         0
                text5                               7E6      7E6       14         0
                text4                               80A      80A        E         0
                text3                                1C       1C      19A         0
                text2                               3F0      3F0       A8         0
                text1                               342      342       AE         0
                text0                               5A6      5A6       64         0
                cinit                               6E6      6E6       36         0
                idataCOMRAM                         818      818        D         0

        CLASS   CONST          

        CLASS   SMALLCONST     

        CLASS   MEDIUMCONST    

        CLASS   COMRAM         
                cstackCOMRAM                          1        1       24         1
                dataCOMRAM                           37       37        D         1
                bssCOMRAM                            25       25       12         1

        CLASS   ABS1           

        CLASS   BIGRAM         

        CLASS   RAM            

        CLASS   BANK0          

        CLASS   BANK1          

        CLASS   BANK2          

        CLASS   BANK3          

        CLASS   BANK4          

        CLASS   BANK5          

        CLASS   BANK6          

        CLASS   BANK7          

        CLASS   SFR            

        CLASS   FARRAM         

        CLASS   CONFIG         
                config                           300000   300000        E         0

        CLASS   IDLOC          
                idloc                            200000   200000        8         0

        CLASS   EEDATA         



SEGMENTS        Name                           Load    Length   Top    Selector   Space  Class

                reset_vec                      000000  000004  000004         0       0  CODE    
                cstackCOMRAM                   000001  000043  000044         1       1  COMRAM  
                intcode                        000008  00081D  000825         4       0  CODE    
                idloc                          200000  000008  200008    200000       0  IDLOC   
                config                         300000  00000E  30000E    300000       0  CONFIG  


UNUSED ADDRESS RANGES

        Name                Unused          Largest block    Delta
        BANK0            000060-0000FF               A0
        BANK1            000100-0001FF              100
        BANK2            000200-0002FF              100
        BANK3            000300-0003FF              100
        BANK4            000400-0004FF              100
        BANK5            000500-0005FF              100
        BANK6            000600-0006FF              100
        BANK7            000700-0007FF              100
        BIGRAM           000044-0007FF              7BC
        CODE             000004-000007                4
                         000825-007FFF             77DB
        COMRAM           000044-00005F               1C
        CONST            000004-000007                4
                         000825-007FFF             77DB
        EEDATA           F00000-F000FF              100
        MEDIUMCONST      000825-007FFF             77DB
        RAM              000060-0007FF              100
        SFR              000F60-000FFF               A0
        SMALLCONST       000825-007FFF              100
        STACK            000060-0007FF              7A0

                                  Symbol Table

?___lwdiv                cstackCOMRAM 000013
?___lwmod                cstackCOMRAM 000013
?___wmul                 cstackCOMRAM 000013
?_adc_get                cstackCOMRAM 000013
Delay10TCYx@unit         cstackCOMRAM 000013
_ADCON0                  (abs)        000FC2
_ADCON1                  (abs)        000FC1
_ADCON2                  (abs)        000FC0
_ADRES                   (abs)        000FC3
_CCP1CON                 (abs)        000FBD
_CCP2CON                 (abs)        000FBA
_CCPR1L                  (abs)        000FBE
_CCPR2L                  (abs)        000FBB
_DD1                     dataCOMRAM   000041
_DD2                     bssCOMRAM    000035
_DD3                     dataCOMRAM   000042
_Delay10TCYx             text8        0007FA
_GIEH                    (abs)        007F97
_GIEL                    (abs)        007F96
_GO                      (abs)        007E11
_IPEN                    (abs)        007E87
_LATB4                   (abs)        007C54
_LATB5                   (abs)        007C55
_LATC1                   (abs)        007C59
_LATC2                   (abs)        007C5A
_LATC6                   (abs)        007C5E
_LATC7                   (abs)        007C5F
_LATD                    (abs)        000F8C
_LATD7                   (abs)        007C67
_LATE0                   (abs)        007C68
_LATE1                   (abs)        007C69
_LATE2                   (abs)        007C6A
_PORTB                   (abs)        000F81
_PR2                     (abs)        000FCB
_T0CON                   (abs)        000FD5
_T2CON                   (abs)        000FCA
_TMR0H                   (abs)        000FD7
_TMR0IE                  (abs)        007F95
_TMR0IF                  (abs)        007F92
_TMR0IP                  (abs)        007F8A
_TMR0L                   (abs)        000FD6
_TRISA0                  (abs)        007C90
_TRISB                   (abs)        000F93
_TRISB4                  (abs)        007C9C
_TRISB5                  (abs)        007C9D
_TRISC                   (abs)        000F94
_TRISC1                  (abs)        007CA1
_TRISC2                  (abs)        007CA2
_TRISC6                  (abs)        007CA6
_TRISC7                  (abs)        007CA7
_TRISD                   (abs)        000F95
_TRISE                   (abs)        000F96
__CFG_CPUDIV$OSC1_PLL2   (abs)        000000
__CFG_FOSC$HS            (abs)        000000
__CFG_LVP$OFF            (abs)        000000
__CFG_PBADEN$OFF         (abs)        000000
__CFG_WDT$OFF            (abs)        000000
__CFG_XINST$OFF          (abs)        000000
__HRAM                   (abs)        000000
__Habs1                  abs1         000000
__Hbank0                 bank0        000000
__Hbank1                 bank1        000000
__Hbank2                 bank2        000000
__Hbank3                 bank3        000000
__Hbank4                 bank4        000000
__Hbank5                 bank5        000000
__Hbank6                 bank6        000000
__Hbank7                 bank7        000000
__Hbigbss                bigbss       000000
__Hbigdata               bigdata      000000
__Hbigram                bigram       000000
__Hbss                   bss          000000
__HbssCOMRAM             bssCOMRAM    000000
__Hcinit                 cinit        000000
__Hclrtext               clrtext      000000
__Hcomram                comram       000000
__Hconfig                config       30000E
__Hconst                 const        000000
__HcstackCOMRAM          cstackCOMRAM 000000
__Hdata                  data         000000
__HdataCOMRAM            dataCOMRAM   000000
__Heeprom_data           eeprom_data  000000
__Hend_init              end_init     00001C
__Hfarbss                farbss       000000
__Hfardata               fardata      000000
__Hibigdata              ibigdata     000000
__Hidata                 idata        000000
__HidataCOMRAM           idataCOMRAM  000000
__Hidloc                 idloc        200008
__Hifardata              ifardata     000000
__Hinit                  init         000018
__Hintcode               intcode      000018
__Hintcode_body          intcode_body 000000
__Hintcodelo             intcodelo    000018
__Hintentry              intentry     000000
__Hintret                intret       000000
__Hintsave_regs          intsave_regs 000000
__Hirdata                irdata       000000
__Hmediumconst           mediumconst  000000
__HnvFARRAM              nvFARRAM     000000
__Hnvbit                 nvbit        000000
__Hnvrram                nvrram       000000
__Hparam                 rparam       000000
__Hpowerup               powerup      000018
__Hram                   ram          000000
__Hramtop                ramtop       000800
__Hrbit                  rbit         000000
__Hrbss                  rbss         000000
__Hrdata                 rdata        000000
__Hreset_vec             reset_vec    000004
__Hrparam                rparam       000000
__Hsfr                   sfr          000000
__Hsmallconst            smallconst   000000
__Hspace_0               (abs)        30000E
__Hspace_1               (abs)        000044
__Hspace_2               (abs)        000000
__Hstack                 stack        000000
__Hstruct                struct       000000
__Htemp                  temp         000000
__Htext                  text         000000
__Htext0                 text0        000000
__Htext1                 text1        000000
__Htext10                text10       000000
__Htext11                text11       000000
__Htext12                text12       000000
__Htext13                text13       000000
__Htext14                text14       000000
__Htext15                text15       000000
__Htext16                text16       000000
__Htext18                text18       000000
__Htext2                 text2        000000
__Htext3                 text3        000000
__Htext4                 text4        000000
__Htext5                 text5        000000
__Htext6                 text6        000000
__Htext7                 text7        000000
__Htext8                 text8        000000
__Htext9                 text9        000000
__LRAM                   (abs)        000001
__Labs1                  abs1         000000
__Lbank0                 bank0        000000
__Lbank1                 bank1        000000
__Lbank2                 bank2        000000
__Lbank3                 bank3        000000
__Lbank4                 bank4        000000
__Lbank5                 bank5        000000
__Lbank6                 bank6        000000
__Lbank7                 bank7        000000
__Lbigbss                bigbss       000000
__Lbigdata               bigdata      000000
__Lbigram                bigram       000000
__Lbss                   bss          000000
__LbssCOMRAM             bssCOMRAM    000000
__Lcinit                 cinit        000000
__Lclrtext               clrtext      000000
__Lcomram                comram       000000
__Lconfig                config       300000
__Lconst                 const        000000
__LcstackCOMRAM          cstackCOMRAM 000000
__Ldata                  data         000000
__LdataCOMRAM            dataCOMRAM   000000
__Leeprom_data           eeprom_data  000000
__Lend_init              end_init     000018
__Lfarbss                farbss       000000
__Lfardata               fardata      000000
__Libigdata              ibigdata     000000
__Lidata                 idata        000000
__LidataCOMRAM           idataCOMRAM  000000
__Lidloc                 idloc        200000
__Lifardata              ifardata     000000
__Linit                  init         000018
__Lintcode               intcode      000008
__Lintcode_body          intcode_body 000000
__Lintcodelo             intcodelo    000018
__Lintentry              intentry     000000
__Lintret                intret       000000
__Lintsave_regs          intsave_regs 000000
__Lirdata                irdata       000000
__Lmediumconst           mediumconst  000000
__LnvFARRAM              nvFARRAM     000000
__Lnvbit                 nvbit        000000
__Lnvrram                nvrram       000000
__Lparam                 rparam       000000
__Lpowerup               powerup      000018
__Lram                   ram          000000
__Lramtop                ramtop       000800
__Lrbit                  rbit         000000
__Lrbss                  rbss         000000
__Lrdata                 rdata        000000
__Lreset_vec             reset_vec    000000
__Lrparam                rparam       000000
__Lsfr                   sfr          000000
__Lsmallconst            smallconst   000000
__Lspace_0               (abs)        000000
__Lspace_1               (abs)        000000
__Lspace_2               (abs)        000000
__Lstack                 stack        000000
__Lstruct                struct       000000
__Ltemp                  temp         000000
__Ltext                  text         000000
__Ltext0                 text0        000000
__Ltext1                 text1        000000
__Ltext10                text10       000000
__Ltext11                text11       000000
__Ltext12                text12       000000
__Ltext13                text13       000000
__Ltext14                text14       000000
__Ltext15                text15       000000
__Ltext16                text16       000000
__Ltext18                text18       000000
__Ltext2                 text2        000000
__Ltext3                 text3        000000
__Ltext4                 text4        000000
__Ltext5                 text5        000000
__Ltext6                 text6        000000
__Ltext7                 text7        000000
__Ltext8                 text8        000000
__Ltext9                 text9        000000
__S0                     (abs)        30000E
__S1                     (abs)        000044
__S2                     (abs)        000000
___inthi_sp              stack        000000
___intlo_sp              stack        000000
___lwdiv                 text12       00060A
___lwdiv@counter         cstackCOMRAM 000019
___lwdiv@dividend        cstackCOMRAM 000013
___lwdiv@divisor         cstackCOMRAM 000015
___lwdiv@quotient        cstackCOMRAM 000017
___lwmod                 text11       0006A4
___lwmod@counter         cstackCOMRAM 000017
___lwmod@dividend        cstackCOMRAM 000013
___lwmod@divisor         cstackCOMRAM 000015
___sp                    stack        000000
___wmul                  text16       0007A8
___wmul@multiplicand     cstackCOMRAM 000015
___wmul@multiplier       cstackCOMRAM 000013
___wmul@product          cstackCOMRAM 000017
__accesstop              (abs)        000060
__activetblptr           (abs)        000002
__end_of_Delay10TCYx     text8        00080A
__end_of___lwdiv         text12       00065C
__end_of___lwmod         text11       0006E6
__end_of___wmul          text16       0007CE
__end_of__initialization cinit        000712
__end_of_adc_get         text15       0006A4
__end_of_delay_ms        text14       0007E6
__end_of_getsw           text13       0005A6
__end_of_hisr            intcode_body 00028C
__end_of_led_dec         text10       000752
__end_of_led_light       text9        0007A8
__end_of_led_scan        text18       000342
__end_of_main            text0        00060A
__end_of_pwm0            text5        0007FA
__end_of_pwm0off         text4        000818
__end_of_rc7clock        text7        000780
__end_of_taska           text6        00053A
__end_of_taskb           text3        0001B6
__end_of_taskc           text2        000498
__end_of_taskd           text1        0003F0
__initialization         cinit        0006E6
__mediumconst            mediumconst  000000
__pbssCOMRAM             bssCOMRAM    000025
__pcinit                 cinit        0006E6
__pcstackCOMRAM          cstackCOMRAM 000001
__pdataCOMRAM            dataCOMRAM   000037
__pidataCOMRAM           idataCOMRAM  000818
__pintcode               intcode      000008
__pintcode_body          intcode_body 0001B6
__ptext0                 text0        0005A6
__ptext1                 text1        000342
__ptext10                text10       00071C
__ptext11                text11       0006A4
__ptext12                text12       00060A
__ptext13                text13       00053A
__ptext14                text14       0007CE
__ptext15                text15       00065C
__ptext16                text16       0007A8
__ptext18                text18       00028C
__ptext2                 text2        0003F0
__ptext3                 text3        00001C
__ptext4                 text4        00080A
__ptext5                 text5        0007E6
__ptext6                 text6        000498
__ptext7                 text7        000752
__ptext8                 text8        0007FA
__ptext9                 text9        000780
__ramtop                 ramtop       000800
__size_of_Delay10TCYx    (abs)        000000
__size_of___lwdiv        (abs)        000000
__size_of___lwmod        (abs)        000000
__size_of___wmul         (abs)        000000
__size_of_adc_get        (abs)        000000
__size_of_delay_ms       (abs)        000000
__size_of_getsw          (abs)        000000
__size_of_hisr           (abs)        000000
__size_of_led_dec        (abs)        000000
__size_of_led_light      (abs)        000000
__size_of_led_scan       (abs)        000000
__size_of_main           (abs)        000000
__size_of_pwm0           (abs)        000000
__size_of_pwm0off        (abs)        000000
__size_of_rc7clock       (abs)        000000
__size_of_taska          (abs)        000000
__size_of_taskb          (abs)        000000
__size_of_taskc          (abs)        000000
__size_of_taskd          (abs)        000000
__smallconst             smallconst   000000
_a                       bssCOMRAM    000025
_adc_get                 text15       00065C
_cyn70                   bssCOMRAM    000027
_delay_ms                text14       0007CE
_dot                     bssCOMRAM    000036
_flag                    bssCOMRAM    000029
_getsw                   text13       00053A
_getv                    bssCOMRAM    00002B
_hisr                    intcode      000008
_led                     dataCOMRAM   000037
_led_dec                 text10       00071C
_led_light               text9        000780
_led_scan                text18       00028C
_light                   dataCOMRAM   000043
_main                    text0        0005A6
_pwm0                    text5        0007E6
_pwm0off                 text4        00080A
_r16                     bssCOMRAM    00002D
_rc7clock                text7        000752
_t2                      bssCOMRAM    00002F
_t3                      bssCOMRAM    000031
_taska                   text6        000498
_taskb                   text3        00001C
_taskb$692               cstackCOMRAM 00001F
_taskb$693               cstackCOMRAM 000021
_taskc                   text2        0003F0
_taskc$694               cstackCOMRAM 000020
_taskc$695               cstackCOMRAM 000022
_taskd                   text1        000342
_taskd$696               cstackCOMRAM 00001F
_taskd$697               cstackCOMRAM 000021
_tick                    bssCOMRAM    000033
adc_get@n                cstackCOMRAM 000015
delay_ms@ms              cstackCOMRAM 000013
end_of_initialization    cinit        000712
getsw@s0                 cstackCOMRAM 000016
int_func                 intcode_body 0001B6
intlevel0                text         000000
intlevel1                text         000000
intlevel2                text         000000
intlevel3                text         000000
led_dec@vh               cstackCOMRAM 00001A
led_dec@vl               cstackCOMRAM 00001C
led_light@n              cstackCOMRAM 000013
led_scan@dd              cstackCOMRAM 000004
pwm0@n                   cstackCOMRAM 000013
rc7clock@a               cstackCOMRAM 000014
stackhi                  (abs)        0007FF
stacklo                  (abs)        000060
start                    init         000018
start_initialization     cinit        0006E6
taska@r1                 cstackCOMRAM 00001F
taska@r2                 cstackCOMRAM 000021
taskb@dt                 cstackCOMRAM 000023


FUNCTION INFORMATION:

 *************** function _main *****************
 Defined at:
		line 240 in file "lab104.c"
 Parameters:    Size  Location     Type
		None
 Auto vars:     Size  Location     Type
		None
 Return value:  Size  Location     Type
		None               void
 Registers used:
		wreg, status,2, status,0, prodl, prodh, cstack
 Tracked objects:
		On entry : 
		On exit  : 
		Unchanged: 
 Data sizes:     COMRAM   BANK0   BANK1   BANK2   BANK3   BANK4   BANK5   BANK6   BANK7
      Params:         0       0       0       0       0       0       0       0       0
      Locals:         0       0       0       0       0       0       0       0       0
      Temps:          0       0       0       0       0       0       0       0       0
      Totals:         0       0       0       0       0       0       0       0       0
Total ram usage:        0 bytes
 Hardware stack levels required when called:    5
 This function calls:
		_taska
		_taskb
		_taskc
		_taskd
 This function is called by:
		Startup code after reset
 This function uses a non-reentrant model


 *************** function _taskd *****************
 Defined at:
		line 218 in file "lab104.c"
 Parameters:    Size  Location     Type
		None
 Auto vars:     Size  Location     Type
		None
 Return value:  Size  Location     Type
		None               void
 Registers used:
		wreg, status,2, status,0, cstack
 Tracked objects:
		On entry : 
		On exit  : 
		Unchanged: 
 Data sizes:     COMRAM   BANK0   BANK1   BANK2   BANK3   BANK4   BANK5   BANK6   BANK7
      Params:         0       0       0       0       0       0       0       0       0
      Locals:         4       0       0       0       0       0       0       0       0
      Temps:          1       0       0       0       0       0       0       0       0
      Totals:         5       0       0       0       0       0       0       0       0
Total ram usage:        5 bytes
 Hardware stack levels used:    1
 Hardware stack levels required when called:    4
 This function calls:
		___lwdiv
		___lwmod
		_adc_get
		_getsw
		_led_dec
		_led_light
 This function is called by:
		_main
 This function uses a non-reentrant model


 *************** function _taskc *****************
 Defined at:
		line 201 in file "lab104.c"
 Parameters:    Size  Location     Type
		None
 Auto vars:     Size  Location     Type
		None
 Return value:  Size  Location     Type
		None               void
 Registers used:
		wreg, status,2, status,0, cstack
 Tracked objects:
		On entry : 
		On exit  : 
		Unchanged: 
 Data sizes:     COMRAM   BANK0   BANK1   BANK2   BANK3   BANK4   BANK5   BANK6   BANK7
      Params:         0       0       0       0       0       0       0       0       0
      Locals:         4       0       0       0       0       0       0       0       0
      Temps:          2       0       0       0       0       0       0       0       0
      Totals:         6       0       0       0       0       0       0       0       0
Total ram usage:        6 bytes
 Hardware stack levels used:    1
 Hardware stack levels required when called:    4
 This function calls:
		___lwdiv
		___lwmod
		_adc_get
		_getsw
		_led_dec
		_led_light
 This function is called by:
		_main
 This function uses a non-reentrant model


 *************** function _taskb *****************
 Defined at:
		line 142 in file "lab104.c"
 Parameters:    Size  Location     Type
		None
 Auto vars:     Size  Location     Type
  dt              2   34[COMRAM] unsigned int 
 Return value:  Size  Location     Type
		None               void
 Registers used:
		wreg, status,2, status,0, cstack
 Tracked objects:
		On entry : 
		On exit  : 
		Unchanged: 
 Data sizes:     COMRAM   BANK0   BANK1   BANK2   BANK3   BANK4   BANK5   BANK6   BANK7
      Params:         0       0       0       0       0       0       0       0       0
      Locals:         6       0       0       0       0       0       0       0       0
      Temps:          1       0       0       0       0       0       0       0       0
      Totals:         7       0       0       0       0       0       0       0       0
Total ram usage:        7 bytes
 Hardware stack levels used:    1
 Hardware stack levels required when called:    4
 This function calls:
		___lwdiv
		___lwmod
		_getsw
		_led_dec
		_led_light
		_pwm0
		_pwm0off
 This function is called by:
		_main
 This function uses a non-reentrant model


 *************** function _pwm0off *****************
 Defined at:
		line 17 in file "pwm.c"
 Parameters:    Size  Location     Type
		None
 Auto vars:     Size  Location     Type
		None
 Return value:  Size  Location     Type
		None               void
 Registers used:
		wreg, status,2
 Tracked objects:
		On entry : 
		On exit  : 
		Unchanged: 
 Data sizes:     COMRAM   BANK0   BANK1   BANK2   BANK3   BANK4   BANK5   BANK6   BANK7
      Params:         0       0       0       0       0       0       0       0       0
      Locals:         0       0       0       0       0       0       0       0       0
      Temps:          0       0       0       0       0       0       0       0       0
      Totals:         0       0       0       0       0       0       0       0       0
Total ram usage:        0 bytes
 Hardware stack levels used:    1
 Hardware stack levels required when called:    2
 This function calls:
		Nothing
 This function is called by:
		_taskb
 This function uses a non-reentrant model


 *************** function _pwm0 *****************
 Defined at:
		line 9 in file "pwm.c"
 Parameters:    Size  Location     Type
  n               2   18[COMRAM] unsigned int 
 Auto vars:     Size  Location     Type
		None
 Return value:  Size  Location     Type
		None               void
 Registers used:
		wreg, status,2
 Tracked objects:
		On entry : 
		On exit  : 
		Unchanged: 
 Data sizes:     COMRAM   BANK0   BANK1   BANK2   BANK3   BANK4   BANK5   BANK6   BANK7
      Params:         2       0       0       0       0       0       0       0       0
      Locals:         0       0       0       0       0       0       0       0       0
      Temps:          0       0       0       0       0       0       0       0       0
      Totals:         2       0       0       0       0       0       0       0       0
Total ram usage:        2 bytes
 Hardware stack levels used:    1
 Hardware stack levels required when called:    2
 This function calls:
		Nothing
 This function is called by:
		_taskb
 This function uses a non-reentrant model


 *************** function _taska *****************
 Defined at:
		line 114 in file "lab104.c"
 Parameters:    Size  Location     Type
		None
 Auto vars:     Size  Location     Type
  r2              2   32[COMRAM] int 
  r1              2   30[COMRAM] int 
 Return value:  Size  Location     Type
		None               void
 Registers used:
		wreg, status,2, status,0, prodl, prodh, cstack
 Tracked objects:
		On entry : 
		On exit  : 
		Unchanged: 
 Data sizes:     COMRAM   BANK0   BANK1   BANK2   BANK3   BANK4   BANK5   BANK6   BANK7
      Params:         0       0       0       0       0       0       0       0       0
      Locals:         4       0       0       0       0       0       0       0       0
      Temps:          1       0       0       0       0       0       0       0       0
      Totals:         5       0       0       0       0       0       0       0       0
Total ram usage:        5 bytes
 Hardware stack levels used:    1
 Hardware stack levels required when called:    4
 This function calls:
		_Delay10TCYx
		___wmul
		_delay_ms
		_getsw
		_led_dec
		_led_light
		_rc7clock
 This function is called by:
		_main
 This function uses a non-reentrant model


 *************** function _rc7clock *****************
 Defined at:
		line 101 in file "lab104.c"
 Parameters:    Size  Location     Type
		None
 Auto vars:     Size  Location     Type
  a               1   19[COMRAM] unsigned char 
  c               1    0        unsigned char 
  b               1    0        unsigned char 
 Return value:  Size  Location     Type
		None               void
 Registers used:
		wreg, status,2, status,0, cstack
 Tracked objects:
		On entry : 
		On exit  : 
		Unchanged: 
 Data sizes:     COMRAM   BANK0   BANK1   BANK2   BANK3   BANK4   BANK5   BANK6   BANK7
      Params:         0       0       0       0       0       0       0       0       0
      Locals:         1       0       0       0       0       0       0       0       0
      Temps:          0       0       0       0       0       0       0       0       0
      Totals:         1       0       0       0       0       0       0       0       0
Total ram usage:        1 bytes
 Hardware stack levels used:    1
 Hardware stack levels required when called:    3
 This function calls:
		_Delay10TCYx
 This function is called by:
		_taska
 This function uses a non-reentrant model


 *************** function _Delay10TCYx *****************
 Defined at:
		line 8 in file "C:\Program Files (x86)\Microchip\xc8\v1.33\sources\pic18\d10tcyx.c"
 Parameters:    Size  Location     Type
  unit            1    wreg     unsigned char 
 Auto vars:     Size  Location     Type
  unit            1   18[COMRAM] unsigned char 
 Return value:  Size  Location     Type
		None               void
 Registers used:
		wreg
 Tracked objects:
		On entry : 
		On exit  : 
		Unchanged: 
 Data sizes:     COMRAM   BANK0   BANK1   BANK2   BANK3   BANK4   BANK5   BANK6   BANK7
      Params:         0       0       0       0       0       0       0       0       0
      Locals:         1       0       0       0       0       0       0       0       0
      Temps:          0       0       0       0       0       0       0       0       0
      Totals:         1       0       0       0       0       0       0       0       0
Total ram usage:        1 bytes
 Hardware stack levels used:    1
 Hardware stack levels required when called:    2
 This function calls:
		Nothing
 This function is called by:
		_rc7clock
		_taska
 This function uses a non-reentrant model


 *************** function _led_light *****************
 Defined at:
		line 51 in file "led7.c"
 Parameters:    Size  Location     Type
  n               1    wreg     unsigned char 
 Auto vars:     Size  Location     Type
  n               1   18[COMRAM] unsigned char 
 Return value:  Size  Location     Type
		None               void
 Registers used:
		wreg, status,2, status,0
 Tracked objects:
		On entry : 
		On exit  : 
		Unchanged: 
 Data sizes:     COMRAM   BANK0   BANK1   BANK2   BANK3   BANK4   BANK5   BANK6   BANK7
      Params:         0       0       0       0       0       0       0       0       0
      Locals:         1       0       0       0       0       0       0       0       0
      Temps:          0       0       0       0       0       0       0       0       0
      Totals:         1       0       0       0       0       0       0       0       0
Total ram usage:        1 bytes
 Hardware stack levels used:    1
 Hardware stack levels required when called:    2
 This function calls:
		Nothing
 This function is called by:
		_taska
		_taskb
		_taskc
		_taskd
 This function uses a non-reentrant model


 *************** function _led_dec *****************
 Defined at:
		line 45 in file "led7.c"
 Parameters:    Size  Location     Type
  vh              2   25[COMRAM] unsigned int 
  vl              2   27[COMRAM] unsigned int 
 Auto vars:     Size  Location     Type
		None
 Return value:  Size  Location     Type
		None               void
 Registers used:
		wreg, status,2, status,0, cstack
 Tracked objects:
		On entry : 
		On exit  : 
		Unchanged: 
 Data sizes:     COMRAM   BANK0   BANK1   BANK2   BANK3   BANK4   BANK5   BANK6   BANK7
      Params:         4       0       0       0       0       0       0       0       0
      Locals:         0       0       0       0       0       0       0       0       0
      Temps:          0       0       0       0       0       0       0       0       0
      Totals:         4       0       0       0       0       0       0       0       0
Total ram usage:        4 bytes
 Hardware stack levels used:    1
 Hardware stack levels required when called:    3
 This function calls:
		___lwdiv
		___lwmod
 This function is called by:
		_taska
		_taskb
		_taskc
		_taskd
 This function uses a non-reentrant model


 *************** function ___lwmod *****************
 Defined at:
		line 8 in file "C:\Program Files (x86)\Microchip\xc8\v1.33\sources\common\lwmod.c"
 Parameters:    Size  Location     Type
  dividend        2   18[COMRAM] unsigned int 
  divisor         2   20[COMRAM] unsigned int 
 Auto vars:     Size  Location     Type
  counter         1   22[COMRAM] unsigned char 
 Return value:  Size  Location     Type
                  2   18[COMRAM] unsigned int 
 Registers used:
		wreg, status,2, status,0
 Tracked objects:
		On entry : 
		On exit  : 
		Unchanged: 
 Data sizes:     COMRAM   BANK0   BANK1   BANK2   BANK3   BANK4   BANK5   BANK6   BANK7
      Params:         4       0       0       0       0       0       0       0       0
      Locals:         1       0       0       0       0       0       0       0       0
      Temps:          0       0       0       0       0       0       0       0       0
      Totals:         5       0       0       0       0       0       0       0       0
Total ram usage:        5 bytes
 Hardware stack levels used:    1
 Hardware stack levels required when called:    2
 This function calls:
		Nothing
 This function is called by:
		_led_dec
		_taskb
		_taskc
		_taskd
 This function uses a non-reentrant model


 *************** function ___lwdiv *****************
 Defined at:
		line 8 in file "C:\Program Files (x86)\Microchip\xc8\v1.33\sources\common\lwdiv.c"
 Parameters:    Size  Location     Type
  dividend        2   18[COMRAM] unsigned int 
  divisor         2   20[COMRAM] unsigned int 
 Auto vars:     Size  Location     Type
  quotient        2   22[COMRAM] unsigned int 
  counter         1   24[COMRAM] unsigned char 
 Return value:  Size  Location     Type
                  2   18[COMRAM] unsigned int 
 Registers used:
		wreg, status,2, status,0
 Tracked objects:
		On entry : 
		On exit  : 
		Unchanged: 
 Data sizes:     COMRAM   BANK0   BANK1   BANK2   BANK3   BANK4   BANK5   BANK6   BANK7
      Params:         4       0       0       0       0       0       0       0       0
      Locals:         3       0       0       0       0       0       0       0       0
      Temps:          0       0       0       0       0       0       0       0       0
      Totals:         7       0       0       0       0       0       0       0       0
Total ram usage:        7 bytes
 Hardware stack levels used:    1
 Hardware stack levels required when called:    2
 This function calls:
		Nothing
 This function is called by:
		_led_dec
		_taskb
		_taskc
		_taskd
 This function uses a non-reentrant model


 *************** function _getsw *****************
 Defined at:
		line 83 in file "lab104.c"
 Parameters:    Size  Location     Type
		None
 Auto vars:     Size  Location     Type
  s0              1   21[COMRAM] unsigned char 
 Return value:  Size  Location     Type
                  1    wreg      unsigned char 
 Registers used:
		wreg, status,2, status,0, cstack
 Tracked objects:
		On entry : 
		On exit  : 
		Unchanged: 
 Data sizes:     COMRAM   BANK0   BANK1   BANK2   BANK3   BANK4   BANK5   BANK6   BANK7
      Params:         0       0       0       0       0       0       0       0       0
      Locals:         1       0       0       0       0       0       0       0       0
      Temps:          0       0       0       0       0       0       0       0       0
      Totals:         1       0       0       0       0       0       0       0       0
Total ram usage:        1 bytes
 Hardware stack levels used:    1
 Hardware stack levels required when called:    3
 This function calls:
		_adc_get
		_delay_ms
 This function is called by:
		_taska
		_taskb
		_taskc
		_taskd
 This function uses a non-reentrant model


 *************** function _delay_ms *****************
 Defined at:
		line 39 in file "lab104.c"
 Parameters:    Size  Location     Type
  ms              2   18[COMRAM] unsigned int 
 Auto vars:     Size  Location     Type
		None
 Return value:  Size  Location     Type
		None               void
 Registers used:
		wreg, status,2, status,0
 Tracked objects:
		On entry : 
		On exit  : 
		Unchanged: 
 Data sizes:     COMRAM   BANK0   BANK1   BANK2   BANK3   BANK4   BANK5   BANK6   BANK7
      Params:         2       0       0       0       0       0       0       0       0
      Locals:         0       0       0       0       0       0       0       0       0
      Temps:          0       0       0       0       0       0       0       0       0
      Totals:         2       0       0       0       0       0       0       0       0
Total ram usage:        2 bytes
 Hardware stack levels used:    1
 Hardware stack levels required when called:    2
 This function calls:
		Nothing
 This function is called by:
		_getsw
		_taska
 This function uses a non-reentrant model


 *************** function _adc_get *****************
 Defined at:
		line 5 in file "adc.c"
 Parameters:    Size  Location     Type
  n               1    wreg     unsigned char 
 Auto vars:     Size  Location     Type
  n               1   20[COMRAM] unsigned char 
 Return value:  Size  Location     Type
                  2   18[COMRAM] unsigned int 
 Registers used:
		wreg, status,2, status,0
 Tracked objects:
		On entry : 
		On exit  : 
		Unchanged: 
 Data sizes:     COMRAM   BANK0   BANK1   BANK2   BANK3   BANK4   BANK5   BANK6   BANK7
      Params:         2       0       0       0       0       0       0       0       0
      Locals:         1       0       0       0       0       0       0       0       0
      Temps:          0       0       0       0       0       0       0       0       0
      Totals:         3       0       0       0       0       0       0       0       0
Total ram usage:        3 bytes
 Hardware stack levels used:    1
 Hardware stack levels required when called:    2
 This function calls:
		Nothing
 This function is called by:
		_getsw
		_taskc
		_taskd
 This function uses a non-reentrant model


 *************** function ___wmul *****************
 Defined at:
		line 15 in file "C:\Program Files (x86)\Microchip\xc8\v1.33\sources\common\Umul16.c"
 Parameters:    Size  Location     Type
  multiplier      2   18[COMRAM] unsigned int 
  multiplicand    2   20[COMRAM] unsigned int 
 Auto vars:     Size  Location     Type
  product         2   22[COMRAM] unsigned int 
 Return value:  Size  Location     Type
                  2   18[COMRAM] unsigned int 
 Registers used:
		wreg, status,2, status,0, prodl, prodh
 Tracked objects:
		On entry : 
		On exit  : 
		Unchanged: 
 Data sizes:     COMRAM   BANK0   BANK1   BANK2   BANK3   BANK4   BANK5   BANK6   BANK7
      Params:         4       0       0       0       0       0       0       0       0
      Locals:         2       0       0       0       0       0       0       0       0
      Temps:          0       0       0       0       0       0       0       0       0
      Totals:         6       0       0       0       0       0       0       0       0
Total ram usage:        6 bytes
 Hardware stack levels used:    1
 Hardware stack levels required when called:    2
 This function calls:
		Nothing
 This function is called by:
		_taska
 This function uses a non-reentrant model


 *************** function _hisr *****************
 Defined at:
		line 29 in file "lab104.c"
 Parameters:    Size  Location     Type
		None
 Auto vars:     Size  Location     Type
		None
 Return value:  Size  Location     Type
		None               void
 Registers used:
		wreg, fsr2l, fsr2h, status,2, status,0, prodl, prodh, cstack
 Tracked objects:
		On entry : 
		On exit  : 
		Unchanged: 
 Data sizes:     COMRAM   BANK0   BANK1   BANK2   BANK3   BANK4   BANK5   BANK6   BANK7
      Params:         0       0       0       0       0       0       0       0       0
      Locals:         0       0       0       0       0       0       0       0       0
      Temps:         14       0       0       0       0       0       0       0       0
      Totals:        14       0       0       0       0       0       0       0       0
Total ram usage:       14 bytes
 Hardware stack levels used:    1
 Hardware stack levels required when called:    1
 This function calls:
		_led_scan
 This function is called by:
		Interrupt level 2
 This function uses a non-reentrant model


 *************** function _led_scan *****************
 Defined at:
		line 19 in file "led7.c"
 Parameters:    Size  Location     Type
		None
 Auto vars:     Size  Location     Type
  dd              1    3[COMRAM] unsigned char 
 Return value:  Size  Location     Type
		None               void
 Registers used:
		wreg, fsr2l, fsr2h, status,2, status,0, prodl, prodh
 Tracked objects:
		On entry : 
		On exit  : 
		Unchanged: 
 Data sizes:     COMRAM   BANK0   BANK1   BANK2   BANK3   BANK4   BANK5   BANK6   BANK7
      Params:         0       0       0       0       0       0       0       0       0
      Locals:         1       0       0       0       0       0       0       0       0
      Temps:          3       0       0       0       0       0       0       0       0
      Totals:         4       0       0       0       0       0       0       0       0
Total ram usage:        4 bytes
 Hardware stack levels used:    1
 This function calls:
		Nothing
 This function is called by:
		_hisr
 This function uses a non-reentrant model



MODULE INFORMATION

Module		Function		Class		Link	Load	Size
lab104.c
		_rc7clock      		CODE           	0752	0000	46
		_hisr          		CODE           	0008	0000	644
		_taska         		CODE           	0498	0000	162
		_main          		CODE           	05A6	0000	100
		_taskb         		CODE           	001C	0000	410
		_taskc         		CODE           	03F0	0000	168
		_getsw         		CODE           	053A	0000	108
		_taskd         		CODE           	0342	0000	174
		_delay_ms      		CODE           	07CE	0000	24

lab104.c estimated size: 1836

C:\Program Files (x86)\Microchip\xc8\v1.33\sources\pic18\d10tcyx.c
		_Delay10TCYx   		CODE           	07FA	0000	16

C:\Program Files (x86)\Microchip\xc8\v1.33\sources\pic18\d10tcyx.c estimated size: 16

C:\Program Files (x86)\Microchip\xc8\v1.33\sources\common\lwmod.c
		___lwmod       		CODE           	06A4	0000	66

C:\Program Files (x86)\Microchip\xc8\v1.33\sources\common\lwmod.c estimated size: 66

C:\Program Files (x86)\Microchip\xc8\v1.33\sources\common\Umul16.c
		___wmul        		CODE           	07A8	0000	38

C:\Program Files (x86)\Microchip\xc8\v1.33\sources\common\Umul16.c estimated size: 38

led7.c
		_led_light     		CODE           	0780	0000	40
		_led_scan      		CODE           	028C	0000	182
		_led_dec       		CODE           	071C	0000	54

led7.c estimated size: 276

pwm.c
		_pwm0          		CODE           	07E6	0000	20
		_pwm0off       		CODE           	080A	0000	14

pwm.c estimated size: 34

adc.c
		_adc_get       		CODE           	065C	0000	72

adc.c estimated size: 72

C:\Program Files (x86)\Microchip\xc8\v1.33\sources\common\lwdiv.c
		___lwdiv       		CODE           	060A	0000	82

C:\Program Files (x86)\Microchip\xc8\v1.33\sources\common\lwdiv.c estimated size: 82

shared
		__initializatio		CODE           	06E6	0000	44

shared estimated size: 44

